Archive member included to satisfy reference by file (symbol)

d:/programs/engenering/eclipce/gnu mcu eclipse/toolchain/arm-gnu-toolchain-12.2.mpacbti-bet1-mingw-w64-i686-arm-none-eabi/bin/../lib/gcc/arm-none-eabi/12.2.0/thumb/v7-m/nofp\libstdc++_nano.a(del_ops.o)
                              ./src/main.o (operator delete(void*, unsigned int))
d:/programs/engenering/eclipce/gnu mcu eclipse/toolchain/arm-gnu-toolchain-12.2.mpacbti-bet1-mingw-w64-i686-arm-none-eabi/bin/../lib/gcc/arm-none-eabi/12.2.0/thumb/v7-m/nofp\libstdc++_nano.a(new_op.o)
                              ./src/main.o (operator new(unsigned int))
d:/programs/engenering/eclipce/gnu mcu eclipse/toolchain/arm-gnu-toolchain-12.2.mpacbti-bet1-mingw-w64-i686-arm-none-eabi/bin/../lib/gcc/arm-none-eabi/12.2.0/thumb/v7-m/nofp\libstdc++_nano.a(list.o)
                              ./src/main.o (std::__detail::_List_node_base::_M_hook(std::__detail::_List_node_base*))
d:/programs/engenering/eclipce/gnu mcu eclipse/toolchain/arm-gnu-toolchain-12.2.mpacbti-bet1-mingw-w64-i686-arm-none-eabi/bin/../lib/gcc/arm-none-eabi/12.2.0/thumb/v7-m/nofp\libstdc++_nano.a(functexcept.o)
                              ./src/main.o (std::__throw_bad_alloc())
d:/programs/engenering/eclipce/gnu mcu eclipse/toolchain/arm-gnu-toolchain-12.2.mpacbti-bet1-mingw-w64-i686-arm-none-eabi/bin/../lib/gcc/arm-none-eabi/12.2.0/thumb/v7-m/nofp\libstdc++_nano.a(del_op.o)
                              d:/programs/engenering/eclipce/gnu mcu eclipse/toolchain/arm-gnu-toolchain-12.2.mpacbti-bet1-mingw-w64-i686-arm-none-eabi/bin/../lib/gcc/arm-none-eabi/12.2.0/thumb/v7-m/nofp\libstdc++_nano.a(del_ops.o) (operator delete(void*))
d:/programs/engenering/eclipce/gnu mcu eclipse/toolchain/arm-gnu-toolchain-12.2.mpacbti-bet1-mingw-w64-i686-arm-none-eabi/bin/../lib/gcc/arm-none-eabi/12.2.0/thumb/v7-m/nofp\libstdc++_nano.a(new_handler.o)
                              d:/programs/engenering/eclipce/gnu mcu eclipse/toolchain/arm-gnu-toolchain-12.2.mpacbti-bet1-mingw-w64-i686-arm-none-eabi/bin/../lib/gcc/arm-none-eabi/12.2.0/thumb/v7-m/nofp\libstdc++_nano.a(new_op.o) (std::get_new_handler())
d:/programs/engenering/eclipce/gnu mcu eclipse/toolchain/arm-gnu-toolchain-12.2.mpacbti-bet1-mingw-w64-i686-arm-none-eabi/bin/../lib/gcc/arm-none-eabi/12.2.0/thumb/v7-m/nofp\libg_nano.a(libc_a-malloc.o)
                              d:/programs/engenering/eclipce/gnu mcu eclipse/toolchain/arm-gnu-toolchain-12.2.mpacbti-bet1-mingw-w64-i686-arm-none-eabi/bin/../lib/gcc/arm-none-eabi/12.2.0/thumb/v7-m/nofp\libstdc++_nano.a(new_op.o) (malloc)
d:/programs/engenering/eclipce/gnu mcu eclipse/toolchain/arm-gnu-toolchain-12.2.mpacbti-bet1-mingw-w64-i686-arm-none-eabi/bin/../lib/gcc/arm-none-eabi/12.2.0/thumb/v7-m/nofp\libg_nano.a(libc_a-mallocr.o)
                              d:/programs/engenering/eclipce/gnu mcu eclipse/toolchain/arm-gnu-toolchain-12.2.mpacbti-bet1-mingw-w64-i686-arm-none-eabi/bin/../lib/gcc/arm-none-eabi/12.2.0/thumb/v7-m/nofp\libg_nano.a(libc_a-malloc.o) (_malloc_r)
d:/programs/engenering/eclipce/gnu mcu eclipse/toolchain/arm-gnu-toolchain-12.2.mpacbti-bet1-mingw-w64-i686-arm-none-eabi/bin/../lib/gcc/arm-none-eabi/12.2.0/thumb/v7-m/nofp\libg_nano.a(libc_a-mlock.o)
                              d:/programs/engenering/eclipce/gnu mcu eclipse/toolchain/arm-gnu-toolchain-12.2.mpacbti-bet1-mingw-w64-i686-arm-none-eabi/bin/../lib/gcc/arm-none-eabi/12.2.0/thumb/v7-m/nofp\libg_nano.a(libc_a-mallocr.o) (__malloc_lock)
d:/programs/engenering/eclipce/gnu mcu eclipse/toolchain/arm-gnu-toolchain-12.2.mpacbti-bet1-mingw-w64-i686-arm-none-eabi/bin/../lib/gcc/arm-none-eabi/12.2.0/thumb/v7-m/nofp\libg_nano.a(libc_a-impure.o)
                              d:/programs/engenering/eclipce/gnu mcu eclipse/toolchain/arm-gnu-toolchain-12.2.mpacbti-bet1-mingw-w64-i686-arm-none-eabi/bin/../lib/gcc/arm-none-eabi/12.2.0/thumb/v7-m/nofp\libg_nano.a(libc_a-malloc.o) (_impure_ptr)
d:/programs/engenering/eclipce/gnu mcu eclipse/toolchain/arm-gnu-toolchain-12.2.mpacbti-bet1-mingw-w64-i686-arm-none-eabi/bin/../lib/gcc/arm-none-eabi/12.2.0/thumb/v7-m/nofp\libg_nano.a(libc_a-sbrkr.o)
                              d:/programs/engenering/eclipce/gnu mcu eclipse/toolchain/arm-gnu-toolchain-12.2.mpacbti-bet1-mingw-w64-i686-arm-none-eabi/bin/../lib/gcc/arm-none-eabi/12.2.0/thumb/v7-m/nofp\libg_nano.a(libc_a-mallocr.o) (_sbrk_r)
d:/programs/engenering/eclipce/gnu mcu eclipse/toolchain/arm-gnu-toolchain-12.2.mpacbti-bet1-mingw-w64-i686-arm-none-eabi/bin/../lib/gcc/arm-none-eabi/12.2.0/thumb/v7-m/nofp\libg_nano.a(libc_a-errno.o)
                              ./system/src/newlib/sbrk.o (__errno)
d:/programs/engenering/eclipce/gnu mcu eclipse/toolchain/arm-gnu-toolchain-12.2.mpacbti-bet1-mingw-w64-i686-arm-none-eabi/bin/../lib/gcc/arm-none-eabi/12.2.0/thumb/v7-m/nofp\libg_nano.a(libc_a-lock.o)
[...]
Memory Configuration

Name             Origin             Length             Attributes
RAM              0x20000000         0x00005000         xrw
CCMRAM           0x00000000         0x00000000         xrw
FLASH            0x08000000         0x00010000         xr
FLASHB1          0x00000000         0x00000000         xr
EXTMEMB0         0x00000000         0x00000000         xr
EXTMEMB1         0x00000000         0x00000000         xr
EXTMEMB2         0x00000000         0x00000000         xr
EXTMEMB3         0x00000000         0x00000000         xr
MEMORY_ARRAY     0x00000000         0x00000000         xrw
*default*        0x00000000         0xffffffff

Linker script and memory map

LOAD ./system/src/stm32f1-hal/stm32f1xx_hal.o
LOAD ./system/src/stm32f1-hal/stm32f1xx_hal_cortex.o
LOAD ./system/src/stm32f1-hal/stm32f1xx_hal_flash.o
LOAD ./system/src/stm32f1-hal/stm32f1xx_hal_flash_ex.o
LOAD ./system/src/stm32f1-hal/stm32f1xx_hal_gpio.o
LOAD ./system/src/stm32f1-hal/stm32f1xx_hal_gpio_ex.o
LOAD ./system/src/stm32f1-hal/stm32f1xx_hal_iwdg.o
LOAD ./system/src/stm32f1-hal/stm32f1xx_hal_pwr.o
LOAD ./system/src/stm32f1-hal/stm32f1xx_hal_rcc.o
LOAD ./system/src/stm32f1-hal/stm32f1xx_hal_rcc_ex.o
LOAD ./system/src/stm32f1-hal/stm32f1xx_hal_uart.o
LOAD ./system/src/newlib/assert.o
LOAD ./system/src/newlib/cxx.o
LOAD ./system/src/newlib/exit.o
LOAD ./system/src/newlib/sbrk.o
LOAD ./system/src/newlib/startup.o
LOAD ./system/src/newlib/syscalls.o
LOAD ./system/src/diag/trace-impl.o
LOAD ./system/src/diag/trace.o
LOAD ./system/src/cortexm/exception-handlers.o
LOAD ./system/src/cortexm/initialize-hardware.o
LOAD ./system/src/cortexm/reset-hardware.o
LOAD ./system/src/cmsis/system_stm32f1xx.o
LOAD ./system/src/cmsis/vectors_stm32f103xb.o
LOAD ./src/initialize-hardware.o
LOAD ./src/led.o
LOAD ./src/main.o
LOAD ./src/stm32f1xx_hal_msp.o
LOAD ./src/timer.o
LOAD ./src/write.o
LOAD ./keyb/src/array_exec.o
LOAD ./keyb/src/matrix.o
LOAD ./keyb/src/sender.o
LOAD d:/programs/engenering/eclipce/gnu mcu eclipse/toolchain/arm-gnu-toolchain-12.2.mpacbti-bet1-mingw-w64-i686-arm-none-eabi/bin/../lib/gcc/arm-none-eabi/12.2.0/thumb/v7-m/nofp\libstdc++_nano.a
LOAD d:/programs/engenering/eclipce/gnu mcu eclipse/toolchain/arm-gnu-toolchain-12.2.mpacbti-bet1-mingw-w64-i686-arm-none-eabi/bin/../lib/gcc/arm-none-eabi/12.2.0/thumb/v7-m/nofp\libm.a
START GROUP
LOAD d:/programs/engenering/eclipce/gnu mcu eclipse/toolchain/arm-gnu-toolchain-12.2.mpacbti-bet1-mingw-w64-i686-arm-none-eabi/bin/../lib/gcc/arm-none-eabi/12.2.0/thumb/v7-m/nofp\libgcc.a
LOAD d:/programs/engenering/eclipce/gnu mcu eclipse/toolchain/arm-gnu-toolchain-12.2.mpacbti-bet1-mingw-w64-i686-arm-none-eabi/bin/../lib/gcc/arm-none-eabi/12.2.0/thumb/v7-m/nofp\libg_nano.a
LOAD d:/programs/engenering/eclipce/gnu mcu eclipse/toolchain/arm-gnu-toolchain-12.2.mpacbti-bet1-mingw-w64-i686-arm-none-eabi/bin/../lib/gcc/arm-none-eabi/12.2.0/thumb/v7-m/nofp\libc_nano.a
END GROUP
START GROUP
LOAD d:/programs/engenering/eclipce/gnu mcu eclipse/toolchain/arm-gnu-toolchain-12.2.mpacbti-bet1-mingw-w64-i686-arm-none-eabi/bin/../lib/gcc/arm-none-eabi/12.2.0/thumb/v7-m/nofp\libgcc.a
LOAD d:/programs/engenering/eclipce/gnu mcu eclipse/toolchain/arm-gnu-toolchain-12.2.mpacbti-bet1-mingw-w64-i686-arm-none-eabi/bin/../lib/gcc/arm-none-eabi/12.2.0/thumb/v7-m/nofp\libc_nano.a
END GROUP
                0x20005000                        __stack = (ORIGIN (RAM) + LENGTH (RAM))
                0x20005000                        _estack = __stack
                0x00000400                        __Main_Stack_Size = 0x400
                [!provide]                        PROVIDE (_Main_Stack_Size = __Main_Stack_Size)
                0x20004c00                        __Main_Stack_Limit = (__stack - __Main_Stack_Size)
                [!provide]                        PROVIDE (_Main_Stack_Limit = __Main_Stack_Limit)
                0x00000100                        _Minimum_Stack_Size = 0x100
                0x200000e0                        PROVIDE (_Heap_Begin = _end_noinit)
                0x20004c00                        PROVIDE (_Heap_Limit = (__stack - __Main_Stack_Size))

.isr_vector     0x08000000      0x274
 FILL mask 0xff
                0x08000000                        __vectors_start = ABSOLUTE (.)
                0x08000000                        __vectors_start__ = ABSOLUTE (.)
 *(.isr_vector)
 .isr_vector    0x08000000       0xec ./system/src/cmsis/vectors_stm32f103xb.o
                0x08000000                __isr_vectors
 *(.cfmconfig)
 *(.after_vectors .after_vectors.*)
 .after_vectors
                0x080000ec      0x114 ./system/src/newlib/startup.o
                0x080000ec                _start
 .after_vectors
                0x08000200       0x70 ./system/src/cortexm/exception-handlers.o
                0x08000200                Reset_Handler
                0x08000206                NMI_Handler
                0x0800020a                HardFault_Handler
                0x0800021e                HardFault_Handler_C
                0x08000222                MemManage_Handler
                0x08000226                BusFault_Handler
                0x0800023a                BusFault_Handler_C
                0x0800023e                UsageFault_Handler
                0x08000252                UsageFault_Handler_C
                0x08000256                SVC_Handler
                0x0800025a                DebugMon_Handler
                0x0800025e                PendSV_Handler
 .after_vectors
                0x08000270        0x4 ./system/src/cmsis/vectors_stm32f103xb.o
                0x08000270                RTC_Alarm_IRQHandler
                0x08000270                EXTI2_IRQHandler
                0x08000270                TIM1_CC_IRQHandler
                0x08000270                PVD_IRQHandler
                0x08000270                EXTI3_IRQHandler
                0x08000270                EXTI0_IRQHandler
                0x08000270                I2C2_EV_IRQHandler
                0x08000270                ADC1_2_IRQHandler
                0x08000270                SPI1_IRQHandler
                0x08000270                TAMPER_IRQHandler
                0x08000270                DMA1_Channel4_IRQHandler
                0x08000270                USART3_IRQHandler
                0x08000270                RTC_IRQHandler
                0x08000270                DMA1_Channel7_IRQHandler
                0x08000270                CAN1_RX1_IRQHandler
                0x08000270                TIM4_IRQHandler
                0x08000270                I2C1_EV_IRQHandler
                0x08000270                DMA1_Channel6_IRQHandler
                0x08000270                TIM3_IRQHandler
                0x08000270                RCC_IRQHandler
                0x08000270                TIM1_TRG_COM_IRQHandler
                0x08000270                DMA1_Channel1_IRQHandler
                0x08000270                Default_Handler
                0x08000270                EXTI15_10_IRQHandler
                0x08000270                EXTI9_5_IRQHandler
                0x08000270                SPI2_IRQHandler
                0x08000270                DMA1_Channel5_IRQHandler
                0x08000270                EXTI4_IRQHandler
                0x08000270                USB_LP_CAN1_RX0_IRQHandler
                0x08000270                USB_HP_CAN1_TX_IRQHandler
                0x08000270                DMA1_Channel3_IRQHandler
                0x08000270                TIM1_UP_IRQHandler
                0x08000270                WWDG_IRQHandler
                0x08000270                TIM2_IRQHandler
                0x08000270                TIM1_BRK_IRQHandler
                0x08000270                EXTI1_IRQHandler
                0x08000270                USART2_IRQHandler
                0x08000270                I2C2_ER_IRQHandler
                0x08000270                DMA1_Channel2_IRQHandler
                0x08000270                CAN1_SCE_IRQHandler
                0x08000270                FLASH_IRQHandler
                0x08000270                USART1_IRQHandler
                0x08000270                I2C1_ER_IRQHandler
                0x08000270                USBWakeUp_IRQHandler

.inits          0x08000274       0x28
                0x08000274                        __data_regions_array_start = .
                0x08000274        0x4 LONG 0x8003914 LOADADDR (.data)
                0x08000278        0x4 LONG 0x20000000 ADDR (.data)
                0x0800027c        0x4 LONG 0x2000006c (ADDR (.data) + SIZEOF (.data))
                0x08000280        0x4 LONG 0x8003914 LOADADDR (.data_CCMRAM)
                0x08000284        0x4 LONG 0x0 ADDR (.data_CCMRAM)
                0x08000288        0x4 LONG 0x0 (ADDR (.data_CCMRAM) + SIZEOF (.data_CCMRAM))
                0x0800028c                        __data_regions_array_end = .
                0x0800028c                        __bss_regions_array_start = .
                0x0800028c        0x4 LONG 0x2000006c ADDR (.bss)
                0x08000290        0x4 LONG 0x200000e0 (ADDR (.bss) + SIZEOF (.bss))
                0x08000294        0x4 LONG 0x0 ADDR (.bss_CCMRAM)
                0x08000298        0x4 LONG 0x0 (ADDR (.bss_CCMRAM) + SIZEOF (.bss_CCMRAM))
                0x0800029c                        __bss_regions_array_end = .
 *(.init)
 *(.fini)
                0x0800029c                        . = ALIGN (0x4)
                0x0800029c                        PROVIDE (__preinit_array_start = .)
 *(.preinit_array_sysinit .preinit_array_sysinit.*)
 *(.preinit_array_platform .preinit_array_platform.*)
 *(.preinit_array .preinit_array.*)
                0x0800029c                        PROVIDE (__preinit_array_end = .)
                0x0800029c                        . = ALIGN (0x4)
                0x0800029c                        PROVIDE (__init_array_start = .)
 *(SORT_BY_NAME(.init_array.*))
 *(.init_array)
                0x0800029c                        PROVIDE (__init_array_end = .)
                0x0800029c                        . = ALIGN (0x4)
                0x0800029c                        PROVIDE (__fini_array_start = .)
 *(SORT_BY_NAME(.fini_array.*))
 *(.fini_array)
                0x0800029c                        PROVIDE (__fini_array_end = .)

.flashtext
 *(.flashtext .flashtext.*)

.text           0x0800029c     0x3678
 *(.text .text.*)
 .text.HAL_InitTick
                0x0800029c       0x4c ./system/src/stm32f1-hal/stm32f1xx_hal.o
                0x0800029c                HAL_InitTick
 .text.HAL_Init
                0x080002e8       0x24 ./system/src/stm32f1-hal/stm32f1xx_hal.o
                0x080002e8                HAL_Init
 .text.HAL_IncTick
                0x0800030c       0x18 ./system/src/stm32f1-hal/stm32f1xx_hal.o
                0x0800030c                HAL_IncTick
 .text.HAL_GetTick
                0x08000324        0xc ./system/src/stm32f1-hal/stm32f1xx_hal.o
                0x08000324                HAL_GetTick
 .text.HAL_Delay
                0x08000330       0x28 ./system/src/stm32f1-hal/stm32f1xx_hal.o
                0x08000330                HAL_Delay
 .text.__NVIC_SetPriority
                0x08000358       0x28 ./system/src/stm32f1-hal/stm32f1xx_hal_cortex.o
 .text.NVIC_EncodePriority
                0x08000380       0x3e ./system/src/stm32f1-hal/stm32f1xx_hal_cortex.o
 *fill*         0x080003be        0x2 
 .text.HAL_NVIC_SetPriorityGrouping
                0x080003c0       0x3c ./system/src/stm32f1-hal/stm32f1xx_hal_cortex.o
                0x080003c0                HAL_NVIC_SetPriorityGrouping
 .text.HAL_NVIC_SetPriority
                0x080003fc       0x48 ./system/src/stm32f1-hal/stm32f1xx_hal_cortex.o
                0x080003fc                HAL_NVIC_SetPriority
 .text.HAL_SYSTICK_Config
                0x08000444       0x28 ./system/src/stm32f1-hal/stm32f1xx_hal_cortex.o
                0x08000444                HAL_SYSTICK_Config
 .text.HAL_SYSTICK_CLKSourceConfig
                0x0800046c       0x34 ./system/src/stm32f1-hal/stm32f1xx_hal_cortex.o
                0x0800046c                HAL_SYSTICK_CLKSourceConfig
 .text.HAL_GPIO_Init
                0x080004a0      0x364 ./system/src/stm32f1-hal/stm32f1xx_hal_gpio.o
                0x080004a0                HAL_GPIO_Init
 .text.HAL_GPIO_ReadPin
                0x08000804       0x28 ./system/src/stm32f1-hal/stm32f1xx_hal_gpio.o
                0x08000804                HAL_GPIO_ReadPin
 .text.HAL_GPIO_WritePin
                0x0800082c       0x38 ./system/src/stm32f1-hal/stm32f1xx_hal_gpio.o
                0x0800082c                HAL_GPIO_WritePin
 .text.RCC_Delay
                0x08000864       0x2c ./system/src/stm32f1-hal/stm32f1xx_hal_rcc.o
 .text.HAL_RCC_OscConfig
                0x08000890      0x548 ./system/src/stm32f1-hal/stm32f1xx_hal_rcc.o
                0x08000890                HAL_RCC_OscConfig
 .text.HAL_RCC_GetSysClockFreq
                0x08000dd8       0x70 ./system/src/stm32f1-hal/stm32f1xx_hal_rcc.o
                0x08000dd8                HAL_RCC_GetSysClockFreq
 .text.HAL_RCC_ClockConfig
                0x08000e48      0x22c ./system/src/stm32f1-hal/stm32f1xx_hal_rcc.o
                0x08000e48                HAL_RCC_ClockConfig
 .text.HAL_RCC_GetHCLKFreq
                0x08001074        0xc ./system/src/stm32f1-hal/stm32f1xx_hal_rcc.o
                0x08001074                HAL_RCC_GetHCLKFreq
 .text.HAL_RCC_GetPCLK1Freq
                0x08001080       0x20 ./system/src/stm32f1-hal/stm32f1xx_hal_rcc.o
                0x08001080                HAL_RCC_GetPCLK1Freq
 .text.HAL_RCC_GetPCLK2Freq
                0x080010a0       0x20 ./system/src/stm32f1-hal/stm32f1xx_hal_rcc.o
                0x080010a0                HAL_RCC_GetPCLK2Freq
 .text.HAL_RCCEx_PeriphCLKConfig
                0x080010c0      0x184 ./system/src/stm32f1-hal/stm32f1xx_hal_rcc_ex.o
                0x080010c0                HAL_RCCEx_PeriphCLKConfig
 .text.UART_SetConfig
                0x08001244       0xf8 ./system/src/stm32f1-hal/stm32f1xx_hal_uart.o
 .text.UART_WaitOnFlagUntilTimeout
                0x0800133c       0x68 ./system/src/stm32f1-hal/stm32f1xx_hal_uart.o
 .text.HAL_UART_Init
                0x080013a4       0xe4 ./system/src/stm32f1-hal/stm32f1xx_hal_uart.o
                0x080013a4                HAL_UART_Init
 .text.HAL_UART_Transmit
                0x08001488       0xd8 ./system/src/stm32f1-hal/stm32f1xx_hal_uart.o
                0x08001488                HAL_UART_Transmit
 .text._exit    0x08001560        0x2 ./system/src/newlib/exit.o
                0x08001560                _exit
 .text.abort    0x08001562        0x8 ./system/src/newlib/exit.o
                0x08001562                abort
 *fill*         0x0800156a        0x2 
 .text._sbrk    0x0800156c       0x44 ./system/src/newlib/sbrk.o
                0x0800156c                _sbrk
 .text.__initialize_args
                0x080015b0       0x10 ./system/src/newlib/syscalls.o
                0x080015b0                __initialize_args
 .text.__initialize_hardware_early
                0x080015c0       0x18 ./system/src/cortexm/initialize-hardware.o
                0x080015c0                __initialize_hardware_early
 .text.SystemInit
                0x080015d8        0x2 ./system/src/cmsis/system_stm32f1xx.o
                0x080015d8                SystemInit
 *fill*         0x080015da        0x2 
 .text.SystemCoreClockUpdate
                0x080015dc       0x94 ./system/src/cmsis/system_stm32f1xx.o
                0x080015dc                SystemCoreClockUpdate
 .text.SystemClock_Config
                0x08001670       0x6c ./src/initialize-hardware.o
                0x08001670                SystemClock_Config
 .text.__initialize_hardware
                0x080016dc       0x10 ./src/initialize-hardware.o
                0x080016dc                __initialize_hardware
 .text.assert_failed
                0x080016ec        0x2 ./src/initialize-hardware.o
                0x080016ec                assert_failed
 .text._ZNSt8__detail17_List_node_header13_M_move_nodesEOS0_
                0x080016ee       0x2a ./src/main.o
                0x080016ee                std::__detail::_List_node_header::_M_move_nodes(std::__detail::_List_node_header&&)
 .text._ZNSt15__new_allocatorISt10_List_nodeIhEE10deallocateEPS1_j
                0x08001718       0x10 ./src/main.o
                0x08001718                std::__new_allocator<std::_List_node<unsigned char> >::deallocate(std::_List_node<unsigned char>*, unsigned int)
 .text._ZNSt7__cxx1110_List_baseIhSaIhEE8_M_clearEv
                0x08001728       0x1a ./src/main.o
                0x08001728                std::__cxx11::_List_base<unsigned char, std::allocator<unsigned char> >::_M_clear()
 .text._ZNSt7__cxx114listIhSaIhEE14_M_move_assignEOS2_St17integral_constantIbLb1EE
                0x08001742       0x1c ./src/main.o
                0x08001742                std::__cxx11::list<unsigned char, std::allocator<unsigned char> >::_M_move_assign(std::__cxx11::list<unsigned char, std::allocator<unsigned char> >&&, std::integral_constant<bool, true>)
 .text._ZNSt15__allocated_ptrISaISt10_List_nodeIhEEED2Ev
                0x0800175e       0x14 ./src/main.o
                0x0800175e                std::__allocated_ptr<std::allocator<std::_List_node<unsigned char> > >::~__allocated_ptr()
                0x0800175e                std::__allocated_ptr<std::allocator<std::_List_node<unsigned char> > >::~__allocated_ptr()
 *fill*         0x08001772        0x2 
 .text._ZNSt15__new_allocatorISt10_List_nodeIhEE8allocateEjPKv
                0x08001774       0x2c ./src/main.o
                0x08001774                std::__new_allocator<std::_List_node<unsigned char> >::allocate(unsigned int, void const*)
 .text._ZNSt7__cxx114listIhSaIhEE14_M_create_nodeIJRKhEEEPSt10_List_nodeIhEDpOT_
                0x080017a0       0x2a ./src/main.o
                0x080017a0                std::_List_node<unsigned char>* std::__cxx11::list<unsigned char, std::allocator<unsigned char> >::_M_create_node<unsigned char const&>(unsigned char const&)
 .text._ZNSt7__cxx114listIhSaIhEE9_M_insertIJRKhEEEvSt14_List_iteratorIhEDpOT_
                0x080017ca       0x1a ./src/main.o
                0x080017ca                void std::__cxx11::list<unsigned char, std::allocator<unsigned char> >::_M_insert<unsigned char const&>(std::_List_iterator<unsigned char>, unsigned char const&)
 .text._ZNSt7__cxx114listIhSaIhEE12emplace_backIJRKhEEERhDpOT_
                0x080017e4       0x12 ./src/main.o
                0x080017e4                unsigned char& std::__cxx11::list<unsigned char, std::allocator<unsigned char> >::emplace_back<unsigned char const&>(unsigned char const&)
 .text._ZNSt7__cxx114listIhSaIhEEC2ERKS2_
                0x080017f6       0x26 ./src/main.o
                0x080017f6                std::__cxx11::list<unsigned char, std::allocator<unsigned char> >::list(std::__cxx11::list<unsigned char, std::allocator<unsigned char> > const&)
                0x080017f6                std::__cxx11::list<unsigned char, std::allocator<unsigned char> >::list(std::__cxx11::list<unsigned char, std::allocator<unsigned char> > const&)
 .text.main     0x0800181c       0x52 ./src/main.o
                0x0800181c                main
 *fill*         0x0800186e        0x2 
 .text.HAL_MspInit
                0x08001870       0xa0 ./src/stm32f1xx_hal_msp.o
                0x08001870                HAL_MspInit
 .text._ZN5timer4tickEv
                0x08001910       0x14 ./src/timer.o
                0x08001910                timer::tick()
 .text.SysTick_Handler
                0x08001924        0xc ./src/timer.o
                0x08001924                SysTick_Handler
 .text._ZNSt7__cxx114listIhSaIhEE10push_frontERKh
                0x08001930        0xc ./keyb/src/array_exec.o
                0x08001930                std::__cxx11::list<unsigned char, std::allocator<unsigned char> >::push_front(unsigned char const&)
 .text._ZNSt7__cxx114listIhSaIhEE14_M_create_nodeIJhEEEPSt10_List_nodeIhEDpOT_
                0x0800193c       0x2a ./keyb/src/array_exec.o
                0x0800193c                std::_List_node<unsigned char>* std::__cxx11::list<unsigned char, std::allocator<unsigned char> >::_M_create_node<unsigned char>(unsigned char&&)
 .text._ZNSt7__cxx114listIhSaIhEE9_M_insertIJhEEEvSt14_List_iteratorIhEDpOT_
                0x08001966       0x1a ./keyb/src/array_exec.o
                0x08001966                void std::__cxx11::list<unsigned char, std::allocator<unsigned char> >::_M_insert<unsigned char>(std::_List_iterator<unsigned char>, unsigned char&&)
 .text._ZNSt7__cxx114listIhSaIhEE10push_frontEOh
                0x08001980        0xc ./keyb/src/array_exec.o
                0x08001980                std::__cxx11::list<unsigned char, std::allocator<unsigned char> >::push_front(unsigned char&&)
 .text._ZNSt7__cxx114listIhSaIhEE9push_backEOh
                0x0800198c        0xc ./keyb/src/array_exec.o
                0x0800198c                std::__cxx11::list<unsigned char, std::allocator<unsigned char> >::push_back(unsigned char&&)
 .text._ZN13ArrayExecutor13convert_arrayENSt7__cxx114listIhSaIhEEE
                0x08001998      0x174 ./keyb/src/array_exec.o
                0x08001998                ArrayExecutor::convert_array(std::__cxx11::list<unsigned char, std::allocator<unsigned char> >)
 .text._ZN6Matrix13gpio_pin_initEmmP12GPIO_TypeDef
                0x08001b0c       0x26 ./keyb/src/matrix.o
                0x08001b0c                Matrix::gpio_pin_init(unsigned long, unsigned long, GPIO_TypeDef*)
 *fill*         0x08001b32        0x2 
 .text._ZN6Matrix12outputs_initEv
                0x08001b34       0xa8 ./keyb/src/matrix.o
                0x08001b34                Matrix::outputs_init()
 .text._ZN6Matrix11inputs_initEv
                0x08001bdc       0xb0 ./keyb/src/matrix.o
                0x08001bdc                Matrix::inputs_init()
 .text._ZN6Matrix11matrix_initEv
                0x08001c8c       0x64 ./keyb/src/matrix.o
                0x08001c8c                Matrix::matrix_init()
 .text._ZN6MatrixC2Ev
                0x08001cf0        0xc ./keyb/src/matrix.o
                0x08001cf0                Matrix::Matrix()
                0x08001cf0                Matrix::Matrix()
 .text._ZN6Matrix12get_instanceEv
                0x08001cfc       0x28 ./keyb/src/matrix.o
                0x08001cfc                Matrix::get_instance()
 .text._ZN6Matrix4scanB5cxx11Ev
                0x08001d24     0x1710 ./keyb/src/matrix.o
                0x08001d24                Matrix::scan[abi:cxx11]()
 .text._ZN10ESP_WriterC2Ev
                0x08003434       0xf0 ./keyb/src/sender.o
                0x08003434                ESP_Writer::ESP_Writer()
                0x08003434                ESP_Writer::ESP_Writer()
 .text._ZN10ESP_Writer12get_instanceEv
                0x08003524       0x28 ./keyb/src/sender.o
                0x08003524                ESP_Writer::get_instance()
 .text._ZN10ESP_Writer4sendEPh
                0x0800354c       0x34 ./keyb/src/sender.o
                0x0800354c                ESP_Writer::send(unsigned char*)
 .text._ZdlPvj  0x08003580        0x4 d:/programs/engenering/eclipce/gnu mcu eclipse/toolchain/arm-gnu-toolchain-12.2.mpacbti-bet1-mingw-w64-i686-arm-none-eabi/bin/../lib/gcc/arm-none-eabi/12.2.0/thumb/v7-m/nofp\libstdc++_nano.a(del_ops.o)
                0x08003580                operator delete(void*, unsigned int)
 .text._Znwj    0x08003584       0x22 d:/programs/engenering/eclipce/gnu mcu eclipse/toolchain/arm-gnu-toolchain-12.2.mpacbti-bet1-mingw-w64-i686-arm-none-eabi/bin/../lib/gcc/arm-none-eabi/12.2.0/thumb/v7-m/nofp\libstdc++_nano.a(new_op.o)
                0x08003584                operator new(unsigned int)
 .text._ZNSt8__detail15_List_node_base7_M_hookEPS0_
                0x080035a6        0xc d:/programs/engenering/eclipce/gnu mcu eclipse/toolchain/arm-gnu-toolchain-12.2.mpacbti-bet1-mingw-w64-i686-arm-none-eabi/bin/../lib/gcc/arm-none-eabi/12.2.0/thumb/v7-m/nofp\libstdc++_nano.a(list.o)
                0x080035a6                std::__detail::_List_node_base::_M_hook(std::__detail::_List_node_base*)
 .text.unlikely._ZSt17__throw_bad_allocv
                0x080035b2        0x6 d:/programs/engenering/eclipce/gnu mcu eclipse/toolchain/arm-gnu-toolchain-12.2.mpacbti-bet1-mingw-w64-i686-arm-none-eabi/bin/../lib/gcc/arm-none-eabi/12.2.0/thumb/v7-m/nofp\libstdc++_nano.a(functexcept.o)
                0x080035b2                std::__throw_bad_alloc()
 .text.unlikely._ZSt28__throw_bad_array_new_lengthv
                0x080035b8        0x6 d:/programs/engenering/eclipce/gnu mcu eclipse/toolchain/arm-gnu-toolchain-12.2.mpacbti-bet1-mingw-w64-i686-arm-none-eabi/bin/../lib/gcc/arm-none-eabi/12.2.0/thumb/v7-m/nofp\libstdc++_nano.a(functexcept.o)
                0x080035b8                std::__throw_bad_array_new_length()
 .text._ZdlPv   0x080035be        0x4 d:/programs/engenering/eclipce/gnu mcu eclipse/toolchain/arm-gnu-toolchain-12.2.mpacbti-bet1-mingw-w64-i686-arm-none-eabi/bin/../lib/gcc/arm-none-eabi/12.2.0/thumb/v7-m/nofp\libstdc++_nano.a(del_op.o)
                0x080035be                operator delete(void*)
 *fill*         0x080035c2        0x2 
 .text._ZSt15get_new_handlerv
                0x080035c4       0x10 d:/programs/engenering/eclipce/gnu mcu eclipse/toolchain/arm-gnu-toolchain-12.2.mpacbti-bet1-mingw-w64-i686-arm-none-eabi/bin/../lib/gcc/arm-none-eabi/12.2.0/thumb/v7-m/nofp\libstdc++_nano.a(new_handler.o)
                0x080035c4                std::get_new_handler()
 .text.malloc   0x080035d4       0x10 d:/programs/engenering/eclipce/gnu mcu eclipse/toolchain/arm-gnu-toolchain-12.2.mpacbti-bet1-mingw-w64-i686-arm-none-eabi/bin/../lib/gcc/arm-none-eabi/12.2.0/thumb/v7-m/nofp\libg_nano.a(libc_a-malloc.o)
                0x080035d4                malloc
 .text.free     0x080035e4       0x10 d:/programs/engenering/eclipce/gnu mcu eclipse/toolchain/arm-gnu-toolchain-12.2.mpacbti-bet1-mingw-w64-i686-arm-none-eabi/bin/../lib/gcc/arm-none-eabi/12.2.0/thumb/v7-m/nofp\libg_nano.a(libc_a-malloc.o)
                0x080035e4                free
 .text.sbrk_aligned
                0x080035f4       0x44 d:/programs/engenering/eclipce/gnu mcu eclipse/toolchain/arm-gnu-toolchain-12.2.mpacbti-bet1-mingw-w64-i686-arm-none-eabi/bin/../lib/gcc/arm-none-eabi/12.2.0/thumb/v7-m/nofp\libg_nano.a(libc_a-mallocr.o)
 .text._malloc_r
                0x08003638       0xe0 d:/programs/engenering/eclipce/gnu mcu eclipse/toolchain/arm-gnu-toolchain-12.2.mpacbti-bet1-mingw-w64-i686-arm-none-eabi/bin/../lib/gcc/arm-none-eabi/12.2.0/thumb/v7-m/nofp\libg_nano.a(libc_a-mallocr.o)
                0x08003638                _malloc_r
 .text.__malloc_lock
                0x08003718        0xc d:/programs/engenering/eclipce/gnu mcu eclipse/toolchain/arm-gnu-toolchain-12.2.mpacbti-bet1-mingw-w64-i686-arm-none-eabi/bin/../lib/gcc/arm-none-eabi/12.2.0/thumb/v7-m/nofp\libg_nano.a(libc_a-mlock.o)
                0x08003718                __malloc_lock
 .text.__malloc_unlock
                0x08003724        0xc d:/programs/engenering/eclipce/gnu mcu eclipse/toolchain/arm-gnu-toolchain-12.2.mpacbti-bet1-mingw-w64-i686-arm-none-eabi/bin/../lib/gcc/arm-none-eabi/12.2.0/thumb/v7-m/nofp\libg_nano.a(libc_a-mlock.o)
                0x08003724                __malloc_unlock
 .text._sbrk_r  0x08003730       0x20 d:/programs/engenering/eclipce/gnu mcu eclipse/toolchain/arm-gnu-toolchain-12.2.mpacbti-bet1-mingw-w64-i686-arm-none-eabi/bin/../lib/gcc/arm-none-eabi/12.2.0/thumb/v7-m/nofp\libg_nano.a(libc_a-sbrkr.o)
                0x08003730                _sbrk_r
 .text.__errno  0x08003750        0xc d:/programs/engenering/eclipce/gnu mcu eclipse/toolchain/arm-gnu-toolchain-12.2.mpacbti-bet1-mingw-w64-i686-arm-none-eabi/bin/../lib/gcc/arm-none-eabi/12.2.0/thumb/v7-m/nofp\libg_nano.a(libc_a-errno.o)
                0x08003750                __errno
 .text.__retarget_lock_acquire_recursive
                0x0800375c        0x2 d:/programs/engenering/eclipce/gnu mcu eclipse/toolchain/arm-gnu-toolchain-12.2.mpacbti-bet1-mingw-w64-i686-arm-none-eabi/bin/../lib/gcc/arm-none-eabi/12.2.0/thumb/v7-m/nofp\libg_nano.a(libc_a-lock.o)
                0x0800375c                __retarget_lock_acquire_recursive
 .text.__retarget_lock_release_recursive
                0x0800375e        0x2 d:/programs/engenering/eclipce/gnu mcu eclipse/toolchain/arm-gnu-toolchain-12.2.mpacbti-bet1-mingw-w64-i686-arm-none-eabi/bin/../lib/gcc/arm-none-eabi/12.2.0/thumb/v7-m/nofp\libg_nano.a(libc_a-lock.o)
                0x0800375e                __retarget_lock_release_recursive
 .text._free_r  0x08003760       0x90 d:/programs/engenering/eclipce/gnu mcu eclipse/toolchain/arm-gnu-toolchain-12.2.mpacbti-bet1-mingw-w64-i686-arm-none-eabi/bin/../lib/gcc/arm-none-eabi/12.2.0/thumb/v7-m/nofp\libg_nano.a(libc_a-freer.o)
                0x08003760                _free_r
 *(.rodata .rodata.* .constdata .constdata.*)
 .rodata.HAL_NVIC_SetPriorityGrouping.str1.4
                0x080037f0       0x31 ./system/src/stm32f1-hal/stm32f1xx_hal_cortex.o
 *fill*         0x08003821        0x3 
 .rodata.HAL_GPIO_Init.str1.4
                0x08003824       0x2f ./system/src/stm32f1-hal/stm32f1xx_hal_gpio.o
 *fill*         0x08003853        0x1 
 .rodata.HAL_RCC_OscConfig.str1.4
                0x08003854       0x2e ./system/src/stm32f1-hal/stm32f1xx_hal_rcc.o
 *fill*         0x08003882        0x2 
 .rodata.HAL_RCC_GetSysClockFreq.str1.4
                0x08003884       0x11 ./system/src/stm32f1-hal/stm32f1xx_hal_rcc.o
 *fill*         0x08003895        0x3 
 .rodata.HAL_RCCEx_PeriphCLKConfig.str1.4
                0x08003898       0x31 ./system/src/stm32f1-hal/stm32f1xx_hal_rcc_ex.o
 *fill*         0x080038c9        0x3 
 .rodata.UART_SetConfig.str1.4
                0x080038cc       0x2f ./system/src/stm32f1-hal/stm32f1xx_hal_uart.o
 *fill*         0x080038fb        0x1 
 .rodata.APBPrescTable
                0x080038fc        0x8 ./system/src/cmsis/system_stm32f1xx.o
                0x080038fc                APBPrescTable
 .rodata.AHBPrescTable
                0x08003904       0x10 ./system/src/cmsis/system_stm32f1xx.o
                0x08003904                AHBPrescTable
 *(vtable)
 *(.eh_frame*)
 *(.glue_7)
 .glue_7        0x08003914        0x0 linker stubs
 *(.glue_7t)
 .glue_7t       0x08003914        0x0 linker stubs

.vfp11_veneer   0x08003914        0x0
 .vfp11_veneer  0x08003914        0x0 linker stubs

.v4_bx          0x08003914        0x0
 .v4_bx         0x08003914        0x0 linker stubs

.iplt           0x08003914        0x0
 .iplt          0x08003914        0x0 ./system/src/stm32f1-hal/stm32f1xx_hal.o

.rel.dyn        0x08003914        0x0
 .rel.iplt      0x08003914        0x0 ./system/src/stm32f1-hal/stm32f1xx_hal.o

.ARM.extab
 *(.ARM.extab* .gnu.linkonce.armextab.*)
                0x08003914                        . = ALIGN (0x4)
                0x08003914                        __exidx_start = .

.ARM.exidx
 *(.ARM.exidx* .gnu.linkonce.armexidx.*)
                0x08003914                        __exidx_end = .
                0x08003914                        . = ALIGN (0x4)
                0x08003914                        _etext = .
                0x08003914                        __etext = .

.data_CCMRAM    0x00000000        0x0 load address 0x08003914
 FILL mask 0xff
 *(.data.CCMRAM .data.CCMRAM.*)
                0x00000000                        . = ALIGN (0x4)
                0x08003914                        _sidata = LOADADDR (.data)

.data           0x20000000       0x6c load address 0x08003914
 FILL mask 0xff
                0x20000000                        _sdata = .
                0x20000000                        __data_start__ = .
 *(.data_begin .data_begin.*)
 .data_begin    0x20000000        0x4 ./system/src/newlib/startup.o
 *(.data .data.*)
 .data.uwTickFreq
                0x20000004        0x1 ./system/src/stm32f1-hal/stm32f1xx_hal.o
                0x20000004                uwTickFreq
 *fill*         0x20000005        0x3 ff
 .data.uwTickPrio
                0x20000008        0x4 ./system/src/stm32f1-hal/stm32f1xx_hal.o
                0x20000008                uwTickPrio
 .data.argv.1   0x2000000c        0x8 ./system/src/newlib/syscalls.o
 .data.SystemCoreClock
                0x20000014        0x4 ./system/src/cmsis/system_stm32f1xx.o
                0x20000014                SystemCoreClock
 .data._impure_ptr
                0x20000018        0x4 d:/programs/engenering/eclipce/gnu mcu eclipse/toolchain/arm-gnu-toolchain-12.2.mpacbti-bet1-mingw-w64-i686-arm-none-eabi/bin/../lib/gcc/arm-none-eabi/12.2.0/thumb/v7-m/nofp\libg_nano.a(libc_a-impure.o)
                0x20000018                _impure_ptr
 .data._impure_data
                0x2000001c       0x4c d:/programs/engenering/eclipce/gnu mcu eclipse/toolchain/arm-gnu-toolchain-12.2.mpacbti-bet1-mingw-w64-i686-arm-none-eabi/bin/../lib/gcc/arm-none-eabi/12.2.0/thumb/v7-m/nofp\libg_nano.a(libc_a-impure.o)
                0x2000001c                _impure_data
 *(.data_end .data_end.*)
 .data_end      0x20000068        0x4 ./system/src/newlib/startup.o
                0x2000006c                        . = ALIGN (0x4)
                0x2000006c                        _edata = .
                0x2000006c                        __data_end__ = .

.igot.plt       0x2000006c        0x0 load address 0x08003980
 .igot.plt      0x2000006c        0x0 ./system/src/stm32f1-hal/stm32f1xx_hal.o

.bss_CCMRAM     0x00000000        0x0
 *(.bss.CCMRAM .bss.CCMRAM.*)

.bss            0x2000006c       0x74
                0x2000006c                        __bss_start__ = .
                0x2000006c                        _sbss = .
 *(.bss_begin .bss_begin.*)
 .bss_begin     0x2000006c        0x4 ./system/src/newlib/startup.o
 *(.bss .bss.*)
 .bss.uwTick    0x20000070        0x4 ./system/src/stm32f1-hal/stm32f1xx_hal.o
                0x20000070                uwTick
 .bss.current_heap_end.0
                0x20000074        0x4 ./system/src/newlib/sbrk.o
 .bss.name.0    0x20000078        0x1 ./system/src/newlib/syscalls.o
 *fill*         0x20000079        0x3 
 .bss.errno     0x2000007c        0x4 ./system/src/newlib/syscalls.o
                0x2000007c                errno
 .bss._ZN5timer13ms_delayCountE
                0x20000080        0x4 ./src/timer.o
                0x20000080                timer::ms_delayCount
 .bss._ZN6Matrix6matrixE
                0x20000084        0x4 ./keyb/src/matrix.o
                0x20000084                Matrix::matrix
 .bss._ZN10ESP_Writer4uartE
                0x20000088       0x40 ./keyb/src/sender.o
                0x20000088                ESP_Writer::uart
 .bss._ZN10ESP_Writer6writerE
                0x200000c8        0x4 ./keyb/src/sender.o
                0x200000c8                ESP_Writer::writer
 .bss._ZN12_GLOBAL__N_113__new_handlerE
                0x200000cc        0x4 d:/programs/engenering/eclipce/gnu mcu eclipse/toolchain/arm-gnu-toolchain-12.2.mpacbti-bet1-mingw-w64-i686-arm-none-eabi/bin/../lib/gcc/arm-none-eabi/12.2.0/thumb/v7-m/nofp\libstdc++_nano.a(new_handler.o)
 .bss.__malloc_sbrk_start
                0x200000d0        0x4 d:/programs/engenering/eclipce/gnu mcu eclipse/toolchain/arm-gnu-toolchain-12.2.mpacbti-bet1-mingw-w64-i686-arm-none-eabi/bin/../lib/gcc/arm-none-eabi/12.2.0/thumb/v7-m/nofp\libg_nano.a(libc_a-mallocr.o)
                0x200000d0                __malloc_sbrk_start
 .bss.__malloc_free_list
                0x200000d4        0x4 d:/programs/engenering/eclipce/gnu mcu eclipse/toolchain/arm-gnu-toolchain-12.2.mpacbti-bet1-mingw-w64-i686-arm-none-eabi/bin/../lib/gcc/arm-none-eabi/12.2.0/thumb/v7-m/nofp\libg_nano.a(libc_a-mallocr.o)
                0x200000d4                __malloc_free_list
 .bss.__lock___malloc_recursive_mutex
                0x200000d8        0x1 d:/programs/engenering/eclipce/gnu mcu eclipse/toolchain/arm-gnu-toolchain-12.2.mpacbti-bet1-mingw-w64-i686-arm-none-eabi/bin/../lib/gcc/arm-none-eabi/12.2.0/thumb/v7-m/nofp\libg_nano.a(libc_a-lock.o)
                0x200000d8                __lock___malloc_recursive_mutex
 *(COMMON)
 *(.bss_end .bss_end.*)
 *fill*         0x200000d9        0x3 
 .bss_end       0x200000dc        0x4 ./system/src/newlib/startup.o
                0x200000e0                        . = ALIGN (0x4)
                0x200000e0                        __bss_end__ = .
                0x200000e0                        _ebss = .

.noinit_CCMRAM
 *(.noinit.CCMRAM .noinit.CCMRAM.*)

.noinit         0x200000e0        0x0
                0x200000e0                        _noinit = .
 *(.noinit .noinit.*)
                0x200000e0                        . = ALIGN (0x4)
                0x200000e0                        _end_noinit = .
                [!provide]                        PROVIDE (end = _end_noinit)
                [!provide]                        PROVIDE (_end = _end_noinit)
                [!provide]                        PROVIDE (__end = _end_noinit)
                [!provide]                        PROVIDE (__end__ = _end_noinit)

._check_stack   0x200000e0      0x100
                0x200001e0                        . = (. + _Minimum_Stack_Size)
 *fill*         0x200000e0      0x100 

.b1text
 *(.b1text)
 *(.b1rodata)
 *(.b1rodata.*)

.eb0text
 *(.eb0text)
 *(.eb0rodata)
 *(.eb0rodata.*)

.eb1text
 *(.eb1text)
 *(.eb1rodata)
 *(.eb1rodata.*)

.eb2text
 *(.eb2text)
 *(.eb2rodata)
 *(.eb2rodata.*)

.eb3text
 *(.eb3text)
 *(.eb3rodata)
 *(.eb3rodata.*)

.stab
 *(.stab)

.stabstr
 *(.stabstr)

.stab.excl
 *(.stab.excl)

.stab.exclstr
 *(.stab.exclstr)

.stab.index
 *(.stab.index)

.stab.indexstr
 *(.stab.indexstr)

.comment        0x00000000       0x4c
 *(.comment)
 .comment       0x00000000       0x4c ./system/src/stm32f1-hal/stm32f1xx_hal.o
                                 0x4d (size before relaxing)
 .comment       0x0000004c       0x4d ./system/src/stm32f1-hal/stm32f1xx_hal_cortex.o
 .comment       0x0000004c       0x4d ./system/src/stm32f1-hal/stm32f1xx_hal_gpio.o
 .comment       0x0000004c       0x4d ./system/src/stm32f1-hal/stm32f1xx_hal_rcc.o
 .comment       0x0000004c       0x4d ./system/src/stm32f1-hal/stm32f1xx_hal_rcc_ex.o
 .comment       0x0000004c       0x4d ./system/src/stm32f1-hal/stm32f1xx_hal_uart.o
 .comment       0x0000004c       0x4d ./system/src/newlib/exit.o
 .comment       0x0000004c       0x4d ./system/src/newlib/sbrk.o
 .comment       0x0000004c       0x4d ./system/src/newlib/startup.o
 .comment       0x0000004c       0x4d ./system/src/newlib/syscalls.o
 .comment       0x0000004c       0x4d ./system/src/cortexm/exception-handlers.o
 .comment       0x0000004c       0x4d ./system/src/cortexm/initialize-hardware.o
 .comment       0x0000004c       0x4d ./system/src/cmsis/system_stm32f1xx.o
 .comment       0x0000004c       0x4d ./system/src/cmsis/vectors_stm32f103xb.o
 .comment       0x0000004c       0x4d ./src/initialize-hardware.o
 .comment       0x0000004c       0x4d ./src/main.o
 .comment       0x0000004c       0x4d ./src/stm32f1xx_hal_msp.o
 .comment       0x0000004c       0x4d ./src/timer.o
 .comment       0x0000004c       0x4d ./keyb/src/array_exec.o
 .comment       0x0000004c       0x4d ./keyb/src/matrix.o
 .comment       0x0000004c       0x4d ./keyb/src/sender.o
 .comment       0x0000004c       0x4d d:/programs/engenering/eclipce/gnu mcu eclipse/toolchain/arm-gnu-toolchain-12.2.mpacbti-bet1-mingw-w64-i686-arm-none-eabi/bin/../lib/gcc/arm-none-eabi/12.2.0/thumb/v7-m/nofp\libstdc++_nano.a(del_ops.o)
 .comment       0x0000004c       0x4d d:/programs/engenering/eclipce/gnu mcu eclipse/toolchain/arm-gnu-toolchain-12.2.mpacbti-bet1-mingw-w64-i686-arm-none-eabi/bin/../lib/gcc/arm-none-eabi/12.2.0/thumb/v7-m/nofp\libstdc++_nano.a(new_op.o)
 .comment       0x0000004c       0x4d d:/programs/engenering/eclipce/gnu mcu eclipse/toolchain/arm-gnu-toolchain-12.2.mpacbti-bet1-mingw-w64-i686-arm-none-eabi/bin/../lib/gcc/arm-none-eabi/12.2.0/thumb/v7-m/nofp\libstdc++_nano.a(list.o)
 .comment       0x0000004c       0x4d d:/programs/engenering/eclipce/gnu mcu eclipse/toolchain/arm-gnu-toolchain-12.2.mpacbti-bet1-mingw-w64-i686-arm-none-eabi/bin/../lib/gcc/arm-none-eabi/12.2.0/thumb/v7-m/nofp\libstdc++_nano.a(functexcept.o)
 .comment       0x0000004c       0x4d d:/programs/engenering/eclipce/gnu mcu eclipse/toolchain/arm-gnu-toolchain-12.2.mpacbti-bet1-mingw-w64-i686-arm-none-eabi/bin/../lib/gcc/arm-none-eabi/12.2.0/thumb/v7-m/nofp\libstdc++_nano.a(del_op.o)
 .comment       0x0000004c       0x4d d:/programs/engenering/eclipce/gnu mcu eclipse/toolchain/arm-gnu-toolchain-12.2.mpacbti-bet1-mingw-w64-i686-arm-none-eabi/bin/../lib/gcc/arm-none-eabi/12.2.0/thumb/v7-m/nofp\libstdc++_nano.a(new_handler.o)
 .comment       0x0000004c       0x4d d:/programs/engenering/eclipce/gnu mcu eclipse/toolchain/arm-gnu-toolchain-12.2.mpacbti-bet1-mingw-w64-i686-arm-none-eabi/bin/../lib/gcc/arm-none-eabi/12.2.0/thumb/v7-m/nofp\libg_nano.a(libc_a-malloc.o)
 .comment       0x0000004c       0x4d d:/programs/engenering/eclipce/gnu mcu eclipse/toolchain/arm-gnu-toolchain-12.2.mpacbti-bet1-mingw-w64-i686-arm-none-eabi/bin/../lib/gcc/arm-none-eabi/12.2.0/thumb/v7-m/nofp\libg_nano.a(libc_a-mallocr.o)
 .comment       0x0000004c       0x4d d:/programs/engenering/eclipce/gnu mcu eclipse/toolchain/arm-gnu-toolchain-12.2.mpacbti-bet1-mingw-w64-i686-arm-none-eabi/bin/../lib/gcc/arm-none-eabi/12.2.0/thumb/v7-m/nofp\libg_nano.a(libc_a-mlock.o)
 .comment       0x0000004c       0x4d d:/programs/engenering/eclipce/gnu mcu eclipse/toolchain/arm-gnu-toolchain-12.2.mpacbti-bet1-mingw-w64-i686-arm-none-eabi/bin/../lib/gcc/arm-none-eabi/12.2.0/thumb/v7-m/nofp\libg_nano.a(libc_a-impure.o)
 .comment       0x0000004c       0x4d d:/programs/engenering/eclipce/gnu mcu eclipse/toolchain/arm-gnu-toolchain-12.2.mpacbti-bet1-mingw-w64-i686-arm-none-eabi/bin/../lib/gcc/arm-none-eabi/12.2.0/thumb/v7-m/nofp\libg_nano.a(libc_a-sbrkr.o)
 .comment       0x0000004c       0x4d d:/programs/engenering/eclipce/gnu mcu eclipse/toolchain/arm-gnu-toolchain-12.2.mpacbti-bet1-mingw-w64-i686-arm-none-eabi/bin/../lib/gcc/arm-none-eabi/12.2.0/thumb/v7-m/nofp\libg_nano.a(libc_a-errno.o)
 .comment       0x0000004c       0x4d d:/programs/engenering/eclipce/gnu mcu eclipse/toolchain/arm-gnu-toolchain-12.2.mpacbti-bet1-mingw-w64-i686-arm-none-eabi/bin/../lib/gcc/arm-none-eabi/12.2.0/thumb/v7-m/nofp\libg_nano.a(libc_a-lock.o)
 .comment       0x0000004c       0x4d d:/programs/engenering/eclipce/gnu mcu eclipse/toolchain/arm-gnu-toolchain-12.2.mpacbti-bet1-mingw-w64-i686-arm-none-eabi/bin/../lib/gcc/arm-none-eabi/12.2.0/thumb/v7-m/nofp\libg_nano.a(libc_a-freer.o)

.ARM.attributes
                0x00000000       0x2d
 .ARM.attributes
                0x00000000       0x2d ./system/src/stm32f1-hal/stm32f1xx_hal.o
 .ARM.attributes
                0x0000002d       0x2d ./system/src/stm32f1-hal/stm32f1xx_hal_cortex.o
 .ARM.attributes
                0x0000005a       0x2d ./system/src/stm32f1-hal/stm32f1xx_hal_gpio.o
 .ARM.attributes
                0x00000087       0x2d ./system/src/stm32f1-hal/stm32f1xx_hal_rcc.o
 .ARM.attributes
                0x000000b4       0x2d ./system/src/stm32f1-hal/stm32f1xx_hal_rcc_ex.o
 .ARM.attributes
                0x000000e1       0x2d ./system/src/stm32f1-hal/stm32f1xx_hal_uart.o
 .ARM.attributes
                0x0000010e       0x2d ./system/src/newlib/exit.o
 .ARM.attributes
                0x0000013b       0x2d ./system/src/newlib/sbrk.o
 .ARM.attributes
                0x00000168       0x2d ./system/src/newlib/startup.o
 .ARM.attributes
                0x00000195       0x2d ./system/src/newlib/syscalls.o
 .ARM.attributes
                0x000001c2       0x2d ./system/src/cortexm/exception-handlers.o
 .ARM.attributes
                0x000001ef       0x2d ./system/src/cortexm/initialize-hardware.o
 .ARM.attributes
                0x0000021c       0x2d ./system/src/cmsis/system_stm32f1xx.o
 .ARM.attributes
                0x00000249       0x2d ./system/src/cmsis/vectors_stm32f103xb.o
 .ARM.attributes
                0x00000276       0x2d ./src/initialize-hardware.o
 .ARM.attributes
                0x000002a3       0x2d ./src/main.o
 .ARM.attributes
                0x000002d0       0x2d ./src/stm32f1xx_hal_msp.o
 .ARM.attributes
                0x000002fd       0x2d ./src/timer.o
 .ARM.attributes
                0x0000032a       0x2d ./keyb/src/array_exec.o
 .ARM.attributes
                0x00000357       0x2d ./keyb/src/matrix.o
 .ARM.attributes
                0x00000384       0x2d ./keyb/src/sender.o
 .ARM.attributes
                0x000003b1       0x2d d:/programs/engenering/eclipce/gnu mcu eclipse/toolchain/arm-gnu-toolchain-12.2.mpacbti-bet1-mingw-w64-i686-arm-none-eabi/bin/../lib/gcc/arm-none-eabi/12.2.0/thumb/v7-m/nofp\libstdc++_nano.a(del_ops.o)
 .ARM.attributes
                0x000003de       0x2d d:/programs/engenering/eclipce/gnu mcu eclipse/toolchain/arm-gnu-toolchain-12.2.mpacbti-bet1-mingw-w64-i686-arm-none-eabi/bin/../lib/gcc/arm-none-eabi/12.2.0/thumb/v7-m/nofp\libstdc++_nano.a(new_op.o)
 .ARM.attributes
                0x0000040b       0x2d d:/programs/engenering/eclipce/gnu mcu eclipse/toolchain/arm-gnu-toolchain-12.2.mpacbti-bet1-mingw-w64-i686-arm-none-eabi/bin/../lib/gcc/arm-none-eabi/12.2.0/thumb/v7-m/nofp\libstdc++_nano.a(list.o)
 .ARM.attributes
                0x00000438       0x2d d:/programs/engenering/eclipce/gnu mcu eclipse/toolchain/arm-gnu-toolchain-12.2.mpacbti-bet1-mingw-w64-i686-arm-none-eabi/bin/../lib/gcc/arm-none-eabi/12.2.0/thumb/v7-m/nofp\libstdc++_nano.a(functexcept.o)
 .ARM.attributes
                0x00000465       0x2d d:/programs/engenering/eclipce/gnu mcu eclipse/toolchain/arm-gnu-toolchain-12.2.mpacbti-bet1-mingw-w64-i686-arm-none-eabi/bin/../lib/gcc/arm-none-eabi/12.2.0/thumb/v7-m/nofp\libstdc++_nano.a(del_op.o)
 .ARM.attributes
                0x00000492       0x2d d:/programs/engenering/eclipce/gnu mcu eclipse/toolchain/arm-gnu-toolchain-12.2.mpacbti-bet1-mingw-w64-i686-arm-none-eabi/bin/../lib/gcc/arm-none-eabi/12.2.0/thumb/v7-m/nofp\libstdc++_nano.a(new_handler.o)
 .ARM.attributes
                0x000004bf       0x2d d:/programs/engenering/eclipce/gnu mcu eclipse/toolchain/arm-gnu-toolchain-12.2.mpacbti-bet1-mingw-w64-i686-arm-none-eabi/bin/../lib/gcc/arm-none-eabi/12.2.0/thumb/v7-m/nofp\libg_nano.a(libc_a-malloc.o)
 .ARM.attributes
                0x000004ec       0x2d d:/programs/engenering/eclipce/gnu mcu eclipse/toolchain/arm-gnu-toolchain-12.2.mpacbti-bet1-mingw-w64-i686-arm-none-eabi/bin/../lib/gcc/arm-none-eabi/12.2.0/thumb/v7-m/nofp\libg_nano.a(libc_a-mallocr.o)
 .ARM.attributes
                0x00000519       0x2d d:/programs/engenering/eclipce/gnu mcu eclipse/toolchain/arm-gnu-toolchain-12.2.mpacbti-bet1-mingw-w64-i686-arm-none-eabi/bin/../lib/gcc/arm-none-eabi/12.2.0/thumb/v7-m/nofp\libg_nano.a(libc_a-mlock.o)
 .ARM.attributes
                0x00000546       0x2d d:/programs/engenering/eclipce/gnu mcu eclipse/toolchain/arm-gnu-toolchain-12.2.mpacbti-bet1-mingw-w64-i686-arm-none-eabi/bin/../lib/gcc/arm-none-eabi/12.2.0/thumb/v7-m/nofp\libg_nano.a(libc_a-impure.o)
 .ARM.attributes
                0x00000573       0x2d d:/programs/engenering/eclipce/gnu mcu eclipse/toolchain/arm-gnu-toolchain-12.2.mpacbti-bet1-mingw-w64-i686-arm-none-eabi/bin/../lib/gcc/arm-none-eabi/12.2.0/thumb/v7-m/nofp\libg_nano.a(libc_a-sbrkr.o)
 .ARM.attributes
                0x000005a0       0x2d d:/programs/engenering/eclipce/gnu mcu eclipse/toolchain/arm-gnu-toolchain-12.2.mpacbti-bet1-mingw-w64-i686-arm-none-eabi/bin/../lib/gcc/arm-none-eabi/12.2.0/thumb/v7-m/nofp\libg_nano.a(libc_a-errno.o)
 .ARM.attributes
                0x000005cd       0x2d d:/programs/engenering/eclipce/gnu mcu eclipse/toolchain/arm-gnu-toolchain-12.2.mpacbti-bet1-mingw-w64-i686-arm-none-eabi/bin/../lib/gcc/arm-none-eabi/12.2.0/thumb/v7-m/nofp\libg_nano.a(libc_a-lock.o)
 .ARM.attributes
                0x000005fa       0x2d d:/programs/engenering/eclipce/gnu mcu eclipse/toolchain/arm-gnu-toolchain-12.2.mpacbti-bet1-mingw-w64-i686-arm-none-eabi/bin/../lib/gcc/arm-none-eabi/12.2.0/thumb/v7-m/nofp\libg_nano.a(libc_a-freer.o)

.debug
 *(.debug)

.line
 *(.line)

.debug_srcinfo
 *(.debug_srcinfo)

.debug_sfnames
 *(.debug_sfnames)

.debug_aranges  0x00000000      0xb20
 *(.debug_aranges)
 .debug_aranges
                0x00000000       0xe0 ./system/src/stm32f1-hal/stm32f1xx_hal.o
 .debug_aranges
                0x000000e0       0xc0 ./system/src/stm32f1-hal/stm32f1xx_hal_cortex.o
 .debug_aranges
                0x000001a0       0x58 ./system/src/stm32f1-hal/stm32f1xx_hal_gpio.o
 .debug_aranges
                0x000001f8       0x90 ./system/src/stm32f1-hal/stm32f1xx_hal_rcc.o
 .debug_aranges
                0x00000288       0x30 ./system/src/stm32f1-hal/stm32f1xx_hal_rcc_ex.o
 .debug_aranges
                0x000002b8      0x1d0 ./system/src/stm32f1-hal/stm32f1xx_hal_uart.o
 .debug_aranges
                0x00000488       0x28 ./system/src/newlib/exit.o
 .debug_aranges
                0x000004b0       0x20 ./system/src/newlib/sbrk.o
 .debug_aranges
                0x000004d0       0x40 ./system/src/newlib/startup.o
 .debug_aranges
                0x00000510       0x30 ./system/src/newlib/syscalls.o
 .debug_aranges
                0x00000540       0x80 ./system/src/cortexm/exception-handlers.o
 .debug_aranges
                0x000005c0       0x28 ./system/src/cortexm/initialize-hardware.o
 .debug_aranges
                0x000005e8       0x28 ./system/src/cmsis/system_stm32f1xx.o
 .debug_aranges
                0x00000610       0x20 ./system/src/cmsis/vectors_stm32f103xb.o
 .debug_aranges
                0x00000630       0x30 ./src/initialize-hardware.o
 .debug_aranges
                0x00000660       0x70 ./src/main.o
 .debug_aranges
                0x000006d0       0x38 ./src/stm32f1xx_hal_msp.o
 .debug_aranges
                0x00000708       0x38 ./src/timer.o
 .debug_aranges
                0x00000740       0x78 ./keyb/src/array_exec.o
 .debug_aranges
                0x000007b8       0x88 ./keyb/src/matrix.o
 .debug_aranges
                0x00000840       0x30 ./keyb/src/sender.o
 .debug_aranges
                0x00000870       0x20 d:/programs/engenering/eclipce/gnu mcu eclipse/toolchain/arm-gnu-toolchain-12.2.mpacbti-bet1-mingw-w64-i686-arm-none-eabi/bin/../lib/gcc/arm-none-eabi/12.2.0/thumb/v7-m/nofp\libstdc++_nano.a(del_ops.o)
 .debug_aranges
                0x00000890       0x20 d:/programs/engenering/eclipce/gnu mcu eclipse/toolchain/arm-gnu-toolchain-12.2.mpacbti-bet1-mingw-w64-i686-arm-none-eabi/bin/../lib/gcc/arm-none-eabi/12.2.0/thumb/v7-m/nofp\libstdc++_nano.a(new_op.o)
 .debug_aranges
                0x000008b0       0x40 d:/programs/engenering/eclipce/gnu mcu eclipse/toolchain/arm-gnu-toolchain-12.2.mpacbti-bet1-mingw-w64-i686-arm-none-eabi/bin/../lib/gcc/arm-none-eabi/12.2.0/thumb/v7-m/nofp\libstdc++_nano.a(list.o)
 .debug_aranges
                0x000008f0       0x90 d:/programs/engenering/eclipce/gnu mcu eclipse/toolchain/arm-gnu-toolchain-12.2.mpacbti-bet1-mingw-w64-i686-arm-none-eabi/bin/../lib/gcc/arm-none-eabi/12.2.0/thumb/v7-m/nofp\libstdc++_nano.a(functexcept.o)
 .debug_aranges
                0x00000980       0x20 d:/programs/engenering/eclipce/gnu mcu eclipse/toolchain/arm-gnu-toolchain-12.2.mpacbti-bet1-mingw-w64-i686-arm-none-eabi/bin/../lib/gcc/arm-none-eabi/12.2.0/thumb/v7-m/nofp\libstdc++_nano.a(del_op.o)
 .debug_aranges
                0x000009a0       0x28 d:/programs/engenering/eclipce/gnu mcu eclipse/toolchain/arm-gnu-toolchain-12.2.mpacbti-bet1-mingw-w64-i686-arm-none-eabi/bin/../lib/gcc/arm-none-eabi/12.2.0/thumb/v7-m/nofp\libstdc++_nano.a(new_handler.o)
 .debug_aranges
                0x000009c8       0x28 d:/programs/engenering/eclipce/gnu mcu eclipse/toolchain/arm-gnu-toolchain-12.2.mpacbti-bet1-mingw-w64-i686-arm-none-eabi/bin/../lib/gcc/arm-none-eabi/12.2.0/thumb/v7-m/nofp\libg_nano.a(libc_a-malloc.o)
 .debug_aranges
                0x000009f0       0x28 d:/programs/engenering/eclipce/gnu mcu eclipse/toolchain/arm-gnu-toolchain-12.2.mpacbti-bet1-mingw-w64-i686-arm-none-eabi/bin/../lib/gcc/arm-none-eabi/12.2.0/thumb/v7-m/nofp\libg_nano.a(libc_a-mallocr.o)
 .debug_aranges
                0x00000a18       0x28 d:/programs/engenering/eclipce/gnu mcu eclipse/toolchain/arm-gnu-toolchain-12.2.mpacbti-bet1-mingw-w64-i686-arm-none-eabi/bin/../lib/gcc/arm-none-eabi/12.2.0/thumb/v7-m/nofp\libg_nano.a(libc_a-mlock.o)
 .debug_aranges
                0x00000a40       0x18 d:/programs/engenering/eclipce/gnu mcu eclipse/toolchain/arm-gnu-toolchain-12.2.mpacbti-bet1-mingw-w64-i686-arm-none-eabi/bin/../lib/gcc/arm-none-eabi/12.2.0/thumb/v7-m/nofp\libg_nano.a(libc_a-impure.o)
 .debug_aranges
                0x00000a58       0x20 d:/programs/engenering/eclipce/gnu mcu eclipse/toolchain/arm-gnu-toolchain-12.2.mpacbti-bet1-mingw-w64-i686-arm-none-eabi/bin/../lib/gcc/arm-none-eabi/12.2.0/thumb/v7-m/nofp\libg_nano.a(libc_a-sbrkr.o)
 .debug_aranges
                0x00000a78       0x20 d:/programs/engenering/eclipce/gnu mcu eclipse/toolchain/arm-gnu-toolchain-12.2.mpacbti-bet1-mingw-w64-i686-arm-none-eabi/bin/../lib/gcc/arm-none-eabi/12.2.0/thumb/v7-m/nofp\libg_nano.a(libc_a-errno.o)
 .debug_aranges
                0x00000a98       0x68 d:/programs/engenering/eclipce/gnu mcu eclipse/toolchain/arm-gnu-toolchain-12.2.mpacbti-bet1-mingw-w64-i686-arm-none-eabi/bin/../lib/gcc/arm-none-eabi/12.2.0/thumb/v7-m/nofp\libg_nano.a(libc_a-lock.o)
 .debug_aranges
                0x00000b00       0x20 d:/programs/engenering/eclipce/gnu mcu eclipse/toolchain/arm-gnu-toolchain-12.2.mpacbti-bet1-mingw-w64-i686-arm-none-eabi/bin/../lib/gcc/arm-none-eabi/12.2.0/thumb/v7-m/nofp\libg_nano.a(libc_a-freer.o)

.debug_pubnames
 *(.debug_pubnames)

.debug_info     0x00000000    0x1cd47
 *(.debug_info .gnu.linkonce.wi.*)
 .debug_info    0x00000000      0x7e3 ./system/src/stm32f1-hal/stm32f1xx_hal.o
 .debug_info    0x000007e3      0xde5 ./system/src/stm32f1-hal/stm32f1xx_hal_cortex.o
 .debug_info    0x000015c8      0x831 ./system/src/stm32f1-hal/stm32f1xx_hal_gpio.o
 .debug_info    0x00001df9      0xc73 ./system/src/stm32f1-hal/stm32f1xx_hal_rcc.o
 .debug_info    0x00002a6c      0x4ab ./system/src/stm32f1-hal/stm32f1xx_hal_rcc_ex.o
 .debug_info    0x00002f17     0x19b5 ./system/src/stm32f1-hal/stm32f1xx_hal_uart.o
 .debug_info    0x000048cc       0xf1 ./system/src/newlib/exit.o
 .debug_info    0x000049bd      0x10f ./system/src/newlib/sbrk.o
 .debug_info    0x00004acc      0x48f ./system/src/newlib/startup.o
 .debug_info    0x00004f5b      0x1c3 ./system/src/newlib/syscalls.o
 .debug_info    0x0000511e      0x24a ./system/src/cortexm/exception-handlers.o
 .debug_info    0x00005368      0x278 ./system/src/cortexm/initialize-hardware.o
 .debug_info    0x000055e0      0x217 ./system/src/cmsis/system_stm32f1xx.o
 .debug_info    0x000057f7      0x10a ./system/src/cmsis/vectors_stm32f103xb.o
 .debug_info    0x00005901      0x57a ./src/initialize-hardware.o
 .debug_info    0x00005e7b     0x4a49 ./src/main.o
 .debug_info    0x0000a8c4      0x480 ./src/stm32f1xx_hal_msp.o
 .debug_info    0x0000ad44      0x6e4 ./src/timer.o
 .debug_info    0x0000b428     0x3ab2 ./keyb/src/array_exec.o
 .debug_info    0x0000eeda     0x65e5 ./keyb/src/matrix.o
 .debug_info    0x000154bf      0xb38 ./keyb/src/sender.o
 .debug_info    0x00015ff7       0xa4 d:/programs/engenering/eclipce/gnu mcu eclipse/toolchain/arm-gnu-toolchain-12.2.mpacbti-bet1-mingw-w64-i686-arm-none-eabi/bin/../lib/gcc/arm-none-eabi/12.2.0/thumb/v7-m/nofp\libstdc++_nano.a(del_ops.o)
 .debug_info    0x0001609b      0x66d d:/programs/engenering/eclipce/gnu mcu eclipse/toolchain/arm-gnu-toolchain-12.2.mpacbti-bet1-mingw-w64-i686-arm-none-eabi/bin/../lib/gcc/arm-none-eabi/12.2.0/thumb/v7-m/nofp\libstdc++_nano.a(new_op.o)
 .debug_info    0x00016708      0x3f0 d:/programs/engenering/eclipce/gnu mcu eclipse/toolchain/arm-gnu-toolchain-12.2.mpacbti-bet1-mingw-w64-i686-arm-none-eabi/bin/../lib/gcc/arm-none-eabi/12.2.0/thumb/v7-m/nofp\libstdc++_nano.a(list.o)
 .debug_info    0x00016af8     0x22ce d:/programs/engenering/eclipce/gnu mcu eclipse/toolchain/arm-gnu-toolchain-12.2.mpacbti-bet1-mingw-w64-i686-arm-none-eabi/bin/../lib/gcc/arm-none-eabi/12.2.0/thumb/v7-m/nofp\libstdc++_nano.a(functexcept.o)
 .debug_info    0x00018dc6      0x5b0 d:/programs/engenering/eclipce/gnu mcu eclipse/toolchain/arm-gnu-toolchain-12.2.mpacbti-bet1-mingw-w64-i686-arm-none-eabi/bin/../lib/gcc/arm-none-eabi/12.2.0/thumb/v7-m/nofp\libstdc++_nano.a(del_op.o)
 .debug_info    0x00019376      0x142 d:/programs/engenering/eclipce/gnu mcu eclipse/toolchain/arm-gnu-toolchain-12.2.mpacbti-bet1-mingw-w64-i686-arm-none-eabi/bin/../lib/gcc/arm-none-eabi/12.2.0/thumb/v7-m/nofp\libstdc++_nano.a(new_handler.o)
 .debug_info    0x000194b8      0x793 d:/programs/engenering/eclipce/gnu mcu eclipse/toolchain/arm-gnu-toolchain-12.2.mpacbti-bet1-mingw-w64-i686-arm-none-eabi/bin/../lib/gcc/arm-none-eabi/12.2.0/thumb/v7-m/nofp\libg_nano.a(libc_a-malloc.o)
 .debug_info    0x00019c4b      0x9b5 d:/programs/engenering/eclipce/gnu mcu eclipse/toolchain/arm-gnu-toolchain-12.2.mpacbti-bet1-mingw-w64-i686-arm-none-eabi/bin/../lib/gcc/arm-none-eabi/12.2.0/thumb/v7-m/nofp\libg_nano.a(libc_a-mallocr.o)
 .debug_info    0x0001a600      0x76a d:/programs/engenering/eclipce/gnu mcu eclipse/toolchain/arm-gnu-toolchain-12.2.mpacbti-bet1-mingw-w64-i686-arm-none-eabi/bin/../lib/gcc/arm-none-eabi/12.2.0/thumb/v7-m/nofp\libg_nano.a(libc_a-mlock.o)
 .debug_info    0x0001ad6a      0x714 d:/programs/engenering/eclipce/gnu mcu eclipse/toolchain/arm-gnu-toolchain-12.2.mpacbti-bet1-mingw-w64-i686-arm-none-eabi/bin/../lib/gcc/arm-none-eabi/12.2.0/thumb/v7-m/nofp\libg_nano.a(libc_a-impure.o)
 .debug_info    0x0001b47e      0x77b d:/programs/engenering/eclipce/gnu mcu eclipse/toolchain/arm-gnu-toolchain-12.2.mpacbti-bet1-mingw-w64-i686-arm-none-eabi/bin/../lib/gcc/arm-none-eabi/12.2.0/thumb/v7-m/nofp\libg_nano.a(libc_a-sbrkr.o)
 .debug_info    0x0001bbf9      0x6fa d:/programs/engenering/eclipce/gnu mcu eclipse/toolchain/arm-gnu-toolchain-12.2.mpacbti-bet1-mingw-w64-i686-arm-none-eabi/bin/../lib/gcc/arm-none-eabi/12.2.0/thumb/v7-m/nofp\libg_nano.a(libc_a-errno.o)
 .debug_info    0x0001c2f3      0x20a d:/programs/engenering/eclipce/gnu mcu eclipse/toolchain/arm-gnu-toolchain-12.2.mpacbti-bet1-mingw-w64-i686-arm-none-eabi/bin/../lib/gcc/arm-none-eabi/12.2.0/thumb/v7-m/nofp\libg_nano.a(libc_a-lock.o)
 .debug_info    0x0001c4fd      0x84a d:/programs/engenering/eclipce/gnu mcu eclipse/toolchain/arm-gnu-toolchain-12.2.mpacbti-bet1-mingw-w64-i686-arm-none-eabi/bin/../lib/gcc/arm-none-eabi/12.2.0/thumb/v7-m/nofp\libg_nano.a(libc_a-freer.o)

.debug_abbrev   0x00000000     0x58d2
 *(.debug_abbrev)
 .debug_abbrev  0x00000000      0x237 ./system/src/stm32f1-hal/stm32f1xx_hal.o
 .debug_abbrev  0x00000237      0x3d3 ./system/src/stm32f1-hal/stm32f1xx_hal_cortex.o
 .debug_abbrev  0x0000060a      0x236 ./system/src/stm32f1-hal/stm32f1xx_hal_gpio.o
 .debug_abbrev  0x00000840      0x2b4 ./system/src/stm32f1-hal/stm32f1xx_hal_rcc.o
 .debug_abbrev  0x00000af4      0x216 ./system/src/stm32f1-hal/stm32f1xx_hal_rcc_ex.o
 .debug_abbrev  0x00000d0a      0x2b0 ./system/src/stm32f1-hal/stm32f1xx_hal_uart.o
 .debug_abbrev  0x00000fba       0xa5 ./system/src/newlib/exit.o
 .debug_abbrev  0x0000105f       0xcc ./system/src/newlib/sbrk.o
 .debug_abbrev  0x0000112b      0x20e ./system/src/newlib/startup.o
 .debug_abbrev  0x00001339      0x118 ./system/src/newlib/syscalls.o
 .debug_abbrev  0x00001451      0x116 ./system/src/cortexm/exception-handlers.o
 .debug_abbrev  0x00001567      0x105 ./system/src/cortexm/initialize-hardware.o
 .debug_abbrev  0x0000166c      0x146 ./system/src/cmsis/system_stm32f1xx.o
 .debug_abbrev  0x000017b2       0xb8 ./system/src/cmsis/vectors_stm32f103xb.o
 .debug_abbrev  0x0000186a      0x1cc ./src/initialize-hardware.o
 .debug_abbrev  0x00001a36      0xa3b ./src/main.o
 .debug_abbrev  0x00002471      0x161 ./src/stm32f1xx_hal_msp.o
 .debug_abbrev  0x000025d2      0x2fe ./src/timer.o
 .debug_abbrev  0x000028d0      0x89e ./keyb/src/array_exec.o
 .debug_abbrev  0x0000316e      0x996 ./keyb/src/matrix.o
 .debug_abbrev  0x00003b04      0x3d2 ./keyb/src/sender.o
 .debug_abbrev  0x00003ed6       0xab d:/programs/engenering/eclipce/gnu mcu eclipse/toolchain/arm-gnu-toolchain-12.2.mpacbti-bet1-mingw-w64-i686-arm-none-eabi/bin/../lib/gcc/arm-none-eabi/12.2.0/thumb/v7-m/nofp\libstdc++_nano.a(del_ops.o)
 .debug_abbrev  0x00003f81      0x20c d:/programs/engenering/eclipce/gnu mcu eclipse/toolchain/arm-gnu-toolchain-12.2.mpacbti-bet1-mingw-w64-i686-arm-none-eabi/bin/../lib/gcc/arm-none-eabi/12.2.0/thumb/v7-m/nofp\libstdc++_nano.a(new_op.o)
 .debug_abbrev  0x0000418d      0x247 d:/programs/engenering/eclipce/gnu mcu eclipse/toolchain/arm-gnu-toolchain-12.2.mpacbti-bet1-mingw-w64-i686-arm-none-eabi/bin/../lib/gcc/arm-none-eabi/12.2.0/thumb/v7-m/nofp\libstdc++_nano.a(list.o)
 .debug_abbrev  0x000043d4      0x45e d:/programs/engenering/eclipce/gnu mcu eclipse/toolchain/arm-gnu-toolchain-12.2.mpacbti-bet1-mingw-w64-i686-arm-none-eabi/bin/../lib/gcc/arm-none-eabi/12.2.0/thumb/v7-m/nofp\libstdc++_nano.a(functexcept.o)
 .debug_abbrev  0x00004832      0x196 d:/programs/engenering/eclipce/gnu mcu eclipse/toolchain/arm-gnu-toolchain-12.2.mpacbti-bet1-mingw-w64-i686-arm-none-eabi/bin/../lib/gcc/arm-none-eabi/12.2.0/thumb/v7-m/nofp\libstdc++_nano.a(del_op.o)
 .debug_abbrev  0x000049c8      0x166 d:/programs/engenering/eclipce/gnu mcu eclipse/toolchain/arm-gnu-toolchain-12.2.mpacbti-bet1-mingw-w64-i686-arm-none-eabi/bin/../lib/gcc/arm-none-eabi/12.2.0/thumb/v7-m/nofp\libstdc++_nano.a(new_handler.o)
 .debug_abbrev  0x00004b2e      0x1cf d:/programs/engenering/eclipce/gnu mcu eclipse/toolchain/arm-gnu-toolchain-12.2.mpacbti-bet1-mingw-w64-i686-arm-none-eabi/bin/../lib/gcc/arm-none-eabi/12.2.0/thumb/v7-m/nofp\libg_nano.a(libc_a-malloc.o)
 .debug_abbrev  0x00004cfd      0x24a d:/programs/engenering/eclipce/gnu mcu eclipse/toolchain/arm-gnu-toolchain-12.2.mpacbti-bet1-mingw-w64-i686-arm-none-eabi/bin/../lib/gcc/arm-none-eabi/12.2.0/thumb/v7-m/nofp\libg_nano.a(libc_a-mallocr.o)
 .debug_abbrev  0x00004f47      0x1bf d:/programs/engenering/eclipce/gnu mcu eclipse/toolchain/arm-gnu-toolchain-12.2.mpacbti-bet1-mingw-w64-i686-arm-none-eabi/bin/../lib/gcc/arm-none-eabi/12.2.0/thumb/v7-m/nofp\libg_nano.a(libc_a-mlock.o)
 .debug_abbrev  0x00005106      0x149 d:/programs/engenering/eclipce/gnu mcu eclipse/toolchain/arm-gnu-toolchain-12.2.mpacbti-bet1-mingw-w64-i686-arm-none-eabi/bin/../lib/gcc/arm-none-eabi/12.2.0/thumb/v7-m/nofp\libg_nano.a(libc_a-impure.o)
 .debug_abbrev  0x0000524f      0x1da d:/programs/engenering/eclipce/gnu mcu eclipse/toolchain/arm-gnu-toolchain-12.2.mpacbti-bet1-mingw-w64-i686-arm-none-eabi/bin/../lib/gcc/arm-none-eabi/12.2.0/thumb/v7-m/nofp\libg_nano.a(libc_a-sbrkr.o)
 .debug_abbrev  0x00005429      0x15e d:/programs/engenering/eclipce/gnu mcu eclipse/toolchain/arm-gnu-toolchain-12.2.mpacbti-bet1-mingw-w64-i686-arm-none-eabi/bin/../lib/gcc/arm-none-eabi/12.2.0/thumb/v7-m/nofp\libg_nano.a(libc_a-errno.o)
 .debug_abbrev  0x00005587      0x115 d:/programs/engenering/eclipce/gnu mcu eclipse/toolchain/arm-gnu-toolchain-12.2.mpacbti-bet1-mingw-w64-i686-arm-none-eabi/bin/../lib/gcc/arm-none-eabi/12.2.0/thumb/v7-m/nofp\libg_nano.a(libc_a-lock.o)
 .debug_abbrev  0x0000569c      0x236 d:/programs/engenering/eclipce/gnu mcu eclipse/toolchain/arm-gnu-toolchain-12.2.mpacbti-bet1-mingw-w64-i686-arm-none-eabi/bin/../lib/gcc/arm-none-eabi/12.2.0/thumb/v7-m/nofp\libg_nano.a(libc_a-freer.o)

.debug_line     0x00000000    0x1242e
 *(.debug_line)
 .debug_line    0x00000000      0x968 ./system/src/stm32f1-hal/stm32f1xx_hal.o
 .debug_line    0x00000968      0xccc ./system/src/stm32f1-hal/stm32f1xx_hal_cortex.o
 .debug_line    0x00001634      0xb13 ./system/src/stm32f1-hal/stm32f1xx_hal_gpio.o
 .debug_line    0x00002147     0x11b7 ./system/src/stm32f1-hal/stm32f1xx_hal_rcc.o
 .debug_line    0x000032fe      0x91c ./system/src/stm32f1-hal/stm32f1xx_hal_rcc_ex.o
 .debug_line    0x00003c1a     0x212c ./system/src/stm32f1-hal/stm32f1xx_hal_uart.o
 .debug_line    0x00005d46      0x472 ./system/src/newlib/exit.o
 .debug_line    0x000061b8      0x463 ./system/src/newlib/sbrk.o
 .debug_line    0x0000661b      0x699 ./system/src/newlib/startup.o
 .debug_line    0x00006cb4      0x5a9 ./system/src/newlib/syscalls.o
 .debug_line    0x0000725d      0xb61 ./system/src/cortexm/exception-handlers.o
 .debug_line    0x00007dbe      0x674 ./system/src/cortexm/initialize-hardware.o
 .debug_line    0x00008432      0x6f5 ./system/src/cmsis/system_stm32f1xx.o
 .debug_line    0x00008b27      0x15d ./system/src/cmsis/vectors_stm32f103xb.o
 .debug_line    0x00008c84      0xa32 ./src/initialize-hardware.o
 .debug_line    0x000096b6     0x162e ./src/main.o
 .debug_line    0x0000ace4      0x684 ./src/stm32f1xx_hal_msp.o
 .debug_line    0x0000b368      0x735 ./src/timer.o
 .debug_line    0x0000ba9d     0x1304 ./keyb/src/array_exec.o
 .debug_line    0x0000cda1     0x207f ./keyb/src/matrix.o
 .debug_line    0x0000ee20      0xe80 ./keyb/src/sender.o
 .debug_line    0x0000fca0      0x150 d:/programs/engenering/eclipce/gnu mcu eclipse/toolchain/arm-gnu-toolchain-12.2.mpacbti-bet1-mingw-w64-i686-arm-none-eabi/bin/../lib/gcc/arm-none-eabi/12.2.0/thumb/v7-m/nofp\libstdc++_nano.a(del_ops.o)
 .debug_line    0x0000fdf0      0x30e d:/programs/engenering/eclipce/gnu mcu eclipse/toolchain/arm-gnu-toolchain-12.2.mpacbti-bet1-mingw-w64-i686-arm-none-eabi/bin/../lib/gcc/arm-none-eabi/12.2.0/thumb/v7-m/nofp\libstdc++_nano.a(new_op.o)
 .debug_line    0x000100fe      0x484 d:/programs/engenering/eclipce/gnu mcu eclipse/toolchain/arm-gnu-toolchain-12.2.mpacbti-bet1-mingw-w64-i686-arm-none-eabi/bin/../lib/gcc/arm-none-eabi/12.2.0/thumb/v7-m/nofp\libstdc++_nano.a(list.o)
 .debug_line    0x00010582      0x716 d:/programs/engenering/eclipce/gnu mcu eclipse/toolchain/arm-gnu-toolchain-12.2.mpacbti-bet1-mingw-w64-i686-arm-none-eabi/bin/../lib/gcc/arm-none-eabi/12.2.0/thumb/v7-m/nofp\libstdc++_nano.a(functexcept.o)
 .debug_line    0x00010c98      0x2d9 d:/programs/engenering/eclipce/gnu mcu eclipse/toolchain/arm-gnu-toolchain-12.2.mpacbti-bet1-mingw-w64-i686-arm-none-eabi/bin/../lib/gcc/arm-none-eabi/12.2.0/thumb/v7-m/nofp\libstdc++_nano.a(del_op.o)
 .debug_line    0x00010f71      0x184 d:/programs/engenering/eclipce/gnu mcu eclipse/toolchain/arm-gnu-toolchain-12.2.mpacbti-bet1-mingw-w64-i686-arm-none-eabi/bin/../lib/gcc/arm-none-eabi/12.2.0/thumb/v7-m/nofp\libstdc++_nano.a(new_handler.o)
 .debug_line    0x000110f5      0x21a d:/programs/engenering/eclipce/gnu mcu eclipse/toolchain/arm-gnu-toolchain-12.2.mpacbti-bet1-mingw-w64-i686-arm-none-eabi/bin/../lib/gcc/arm-none-eabi/12.2.0/thumb/v7-m/nofp\libg_nano.a(libc_a-malloc.o)
 .debug_line    0x0001130f      0x4f9 d:/programs/engenering/eclipce/gnu mcu eclipse/toolchain/arm-gnu-toolchain-12.2.mpacbti-bet1-mingw-w64-i686-arm-none-eabi/bin/../lib/gcc/arm-none-eabi/12.2.0/thumb/v7-m/nofp\libg_nano.a(libc_a-mallocr.o)
 .debug_line    0x00011808      0x206 d:/programs/engenering/eclipce/gnu mcu eclipse/toolchain/arm-gnu-toolchain-12.2.mpacbti-bet1-mingw-w64-i686-arm-none-eabi/bin/../lib/gcc/arm-none-eabi/12.2.0/thumb/v7-m/nofp\libg_nano.a(libc_a-mlock.o)
 .debug_line    0x00011a0e      0x173 d:/programs/engenering/eclipce/gnu mcu eclipse/toolchain/arm-gnu-toolchain-12.2.mpacbti-bet1-mingw-w64-i686-arm-none-eabi/bin/../lib/gcc/arm-none-eabi/12.2.0/thumb/v7-m/nofp\libg_nano.a(libc_a-impure.o)
 .debug_line    0x00011b81      0x234 d:/programs/engenering/eclipce/gnu mcu eclipse/toolchain/arm-gnu-toolchain-12.2.mpacbti-bet1-mingw-w64-i686-arm-none-eabi/bin/../lib/gcc/arm-none-eabi/12.2.0/thumb/v7-m/nofp\libg_nano.a(libc_a-sbrkr.o)
 .debug_line    0x00011db5      0x195 d:/programs/engenering/eclipce/gnu mcu eclipse/toolchain/arm-gnu-toolchain-12.2.mpacbti-bet1-mingw-w64-i686-arm-none-eabi/bin/../lib/gcc/arm-none-eabi/12.2.0/thumb/v7-m/nofp\libg_nano.a(libc_a-errno.o)
 .debug_line    0x00011f4a      0x1ad d:/programs/engenering/eclipce/gnu mcu eclipse/toolchain/arm-gnu-toolchain-12.2.mpacbti-bet1-mingw-w64-i686-arm-none-eabi/bin/../lib/gcc/arm-none-eabi/12.2.0/thumb/v7-m/nofp\libg_nano.a(libc_a-lock.o)
 .debug_line    0x000120f7      0x337 d:/programs/engenering/eclipce/gnu mcu eclipse/toolchain/arm-gnu-toolchain-12.2.mpacbti-bet1-mingw-w64-i686-arm-none-eabi/bin/../lib/gcc/arm-none-eabi/12.2.0/thumb/v7-m/nofp\libg_nano.a(libc_a-freer.o)

.debug_frame    0x00000000     0x1870
 *(.debug_frame)
 .debug_frame   0x00000000      0x1d0 ./system/src/stm32f1-hal/stm32f1xx_hal.o
 .debug_frame   0x000001d0      0x1dc ./system/src/stm32f1-hal/stm32f1xx_hal_cortex.o
 .debug_frame   0x000003ac       0xfc ./system/src/stm32f1-hal/stm32f1xx_hal_gpio.o
 .debug_frame   0x000004a8      0x1a8 ./system/src/stm32f1-hal/stm32f1xx_hal_rcc.o
 .debug_frame   0x00000650       0x68 ./system/src/stm32f1-hal/stm32f1xx_hal_rcc_ex.o
 .debug_frame   0x000006b8      0x508 ./system/src/stm32f1-hal/stm32f1xx_hal_uart.o
 .debug_frame   0x00000bc0       0x38 ./system/src/newlib/exit.o
 .debug_frame   0x00000bf8       0x28 ./system/src/newlib/sbrk.o
 .debug_frame   0x00000c20       0x7c ./system/src/newlib/startup.o
 .debug_frame   0x00000c9c       0x50 ./system/src/newlib/syscalls.o
 .debug_frame   0x00000cec       0xe8 ./system/src/cortexm/exception-handlers.o
 .debug_frame   0x00000dd4       0x40 ./system/src/cortexm/initialize-hardware.o
 .debug_frame   0x00000e14       0x30 ./system/src/cmsis/system_stm32f1xx.o
 .debug_frame   0x00000e44       0x20 ./system/src/cmsis/vectors_stm32f103xb.o
 .debug_frame   0x00000e64       0x58 ./src/initialize-hardware.o
 .debug_frame   0x00000ebc      0x130 ./src/main.o
 .debug_frame   0x00000fec       0x5c ./src/stm32f1xx_hal_msp.o
 .debug_frame   0x00001048       0x58 ./src/timer.o
 .debug_frame   0x000010a0      0x160 ./keyb/src/array_exec.o
 .debug_frame   0x00001200      0x19c ./keyb/src/matrix.o
 .debug_frame   0x0000139c       0x70 ./keyb/src/sender.o
 .debug_frame   0x0000140c       0x20 d:/programs/engenering/eclipce/gnu mcu eclipse/toolchain/arm-gnu-toolchain-12.2.mpacbti-bet1-mingw-w64-i686-arm-none-eabi/bin/../lib/gcc/arm-none-eabi/12.2.0/thumb/v7-m/nofp\libstdc++_nano.a(del_ops.o)
 .debug_frame   0x0000142c       0x28 d:/programs/engenering/eclipce/gnu mcu eclipse/toolchain/arm-gnu-toolchain-12.2.mpacbti-bet1-mingw-w64-i686-arm-none-eabi/bin/../lib/gcc/arm-none-eabi/12.2.0/thumb/v7-m/nofp\libstdc++_nano.a(new_op.o)
 .debug_frame   0x00001454       0x68 d:/programs/engenering/eclipce/gnu mcu eclipse/toolchain/arm-gnu-toolchain-12.2.mpacbti-bet1-mingw-w64-i686-arm-none-eabi/bin/../lib/gcc/arm-none-eabi/12.2.0/thumb/v7-m/nofp\libstdc++_nano.a(list.o)
 .debug_frame   0x000014bc      0x184 d:/programs/engenering/eclipce/gnu mcu eclipse/toolchain/arm-gnu-toolchain-12.2.mpacbti-bet1-mingw-w64-i686-arm-none-eabi/bin/../lib/gcc/arm-none-eabi/12.2.0/thumb/v7-m/nofp\libstdc++_nano.a(functexcept.o)
 .debug_frame   0x00001640       0x20 d:/programs/engenering/eclipce/gnu mcu eclipse/toolchain/arm-gnu-toolchain-12.2.mpacbti-bet1-mingw-w64-i686-arm-none-eabi/bin/../lib/gcc/arm-none-eabi/12.2.0/thumb/v7-m/nofp\libstdc++_nano.a(del_op.o)
 .debug_frame   0x00001660       0x30 d:/programs/engenering/eclipce/gnu mcu eclipse/toolchain/arm-gnu-toolchain-12.2.mpacbti-bet1-mingw-w64-i686-arm-none-eabi/bin/../lib/gcc/arm-none-eabi/12.2.0/thumb/v7-m/nofp\libstdc++_nano.a(new_handler.o)
 .debug_frame   0x00001690       0x30 d:/programs/engenering/eclipce/gnu mcu eclipse/toolchain/arm-gnu-toolchain-12.2.mpacbti-bet1-mingw-w64-i686-arm-none-eabi/bin/../lib/gcc/arm-none-eabi/12.2.0/thumb/v7-m/nofp\libg_nano.a(libc_a-malloc.o)
 .debug_frame   0x000016c0       0x4c d:/programs/engenering/eclipce/gnu mcu eclipse/toolchain/arm-gnu-toolchain-12.2.mpacbti-bet1-mingw-w64-i686-arm-none-eabi/bin/../lib/gcc/arm-none-eabi/12.2.0/thumb/v7-m/nofp\libg_nano.a(libc_a-mallocr.o)
 .debug_frame   0x0000170c       0x30 d:/programs/engenering/eclipce/gnu mcu eclipse/toolchain/arm-gnu-toolchain-12.2.mpacbti-bet1-mingw-w64-i686-arm-none-eabi/bin/../lib/gcc/arm-none-eabi/12.2.0/thumb/v7-m/nofp\libg_nano.a(libc_a-mlock.o)
 .debug_frame   0x0000173c       0x2c d:/programs/engenering/eclipce/gnu mcu eclipse/toolchain/arm-gnu-toolchain-12.2.mpacbti-bet1-mingw-w64-i686-arm-none-eabi/bin/../lib/gcc/arm-none-eabi/12.2.0/thumb/v7-m/nofp\libg_nano.a(libc_a-sbrkr.o)
 .debug_frame   0x00001768       0x20 d:/programs/engenering/eclipce/gnu mcu eclipse/toolchain/arm-gnu-toolchain-12.2.mpacbti-bet1-mingw-w64-i686-arm-none-eabi/bin/../lib/gcc/arm-none-eabi/12.2.0/thumb/v7-m/nofp\libg_nano.a(libc_a-errno.o)
 .debug_frame   0x00001788       0xb0 d:/programs/engenering/eclipce/gnu mcu eclipse/toolchain/arm-gnu-toolchain-12.2.mpacbti-bet1-mingw-w64-i686-arm-none-eabi/bin/../lib/gcc/arm-none-eabi/12.2.0/thumb/v7-m/nofp\libg_nano.a(libc_a-lock.o)
 .debug_frame   0x00001838       0x38 d:/programs/engenering/eclipce/gnu mcu eclipse/toolchain/arm-gnu-toolchain-12.2.mpacbti-bet1-mingw-w64-i686-arm-none-eabi/bin/../lib/gcc/arm-none-eabi/12.2.0/thumb/v7-m/nofp\libg_nano.a(libc_a-freer.o)

.debug_str      0x00000000    0xa94ad
 *(.debug_str)
 .debug_str     0x00000000    0x95c20 ./system/src/stm32f1-hal/stm32f1xx_hal.o
                              0x960de (size before relaxing)
 .debug_str     0x00095c20      0x29e ./system/src/stm32f1-hal/stm32f1xx_hal_cortex.o
                              0x9600e (size before relaxing)
 .debug_str     0x00095ebe      0x368 ./system/src/stm32f1-hal/stm32f1xx_hal_gpio.o
                              0x95d26 (size before relaxing)
 .debug_str     0x00096226      0x371 ./system/src/stm32f1-hal/stm32f1xx_hal_rcc.o
                              0x95dbd (size before relaxing)
 .debug_str     0x00096597      0x121 ./system/src/stm32f1-hal/stm32f1xx_hal_rcc_ex.o
                              0x95b18 (size before relaxing)
 .debug_str     0x000966b8      0x859 ./system/src/stm32f1-hal/stm32f1xx_hal_uart.o
                              0x962dc (size before relaxing)
 .debug_str     0x00096f11     0x49c8 ./system/src/newlib/exit.o
                               0x7c4c (size before relaxing)
 .debug_str     0x0009b8d9      0x4df ./system/src/newlib/sbrk.o
                               0x702f (size before relaxing)
 .debug_str     0x0009bdb8      0x25f ./system/src/newlib/startup.o
                               0x66db (size before relaxing)
 .debug_str     0x0009c017     0x13aa ./system/src/newlib/syscalls.o
                               0x8e46 (size before relaxing)
 .debug_str     0x0009d3c1      0x1f4 ./system/src/cortexm/exception-handlers.o
                              0x9a3fe (size before relaxing)
 .debug_str     0x0009d5b5       0x5d ./system/src/cortexm/initialize-hardware.o
                              0x959d8 (size before relaxing)
 .debug_str     0x0009d612       0x39 ./system/src/cmsis/system_stm32f1xx.o
                              0x9599d (size before relaxing)
 .debug_str     0x0009d64b       0x59 ./system/src/cmsis/vectors_stm32f103xb.o
                               0x3a02 (size before relaxing)
 .debug_str     0x0009d6a4       0x44 ./src/initialize-hardware.o
                              0x9967e (size before relaxing)
 .debug_str     0x0009d6e8     0x8b83 ./src/main.o
                              0xa138c (size before relaxing)
 .debug_str     0x000a626b       0x3d ./src/stm32f1xx_hal_msp.o
                              0x95ca6 (size before relaxing)
 .debug_str     0x000a62a8       0xea ./src/timer.o
                              0x9670d (size before relaxing)
 .debug_str     0x000a6392      0xd3e ./keyb/src/array_exec.o
                              0x9de3e (size before relaxing)
 .debug_str     0x000a70d0      0x4d8 ./keyb/src/matrix.o
                              0x9e3f1 (size before relaxing)
 .debug_str     0x000a75a8      0x11e ./keyb/src/sender.o
                              0x9a439 (size before relaxing)
 .debug_str     0x000a76c6      0x1a8 d:/programs/engenering/eclipce/gnu mcu eclipse/toolchain/arm-gnu-toolchain-12.2.mpacbti-bet1-mingw-w64-i686-arm-none-eabi/bin/../lib/gcc/arm-none-eabi/12.2.0/thumb/v7-m/nofp\libstdc++_nano.a(del_ops.o)
                                0x1db (size before relaxing)
 .debug_str     0x000a786e      0x14a d:/programs/engenering/eclipce/gnu mcu eclipse/toolchain/arm-gnu-toolchain-12.2.mpacbti-bet1-mingw-w64-i686-arm-none-eabi/bin/../lib/gcc/arm-none-eabi/12.2.0/thumb/v7-m/nofp\libstdc++_nano.a(new_op.o)
                                0x3e7 (size before relaxing)
 .debug_str     0x000a79b8      0x21f d:/programs/engenering/eclipce/gnu mcu eclipse/toolchain/arm-gnu-toolchain-12.2.mpacbti-bet1-mingw-w64-i686-arm-none-eabi/bin/../lib/gcc/arm-none-eabi/12.2.0/thumb/v7-m/nofp\libstdc++_nano.a(list.o)
                                0x457 (size before relaxing)
 .debug_str     0x000a7bd7      0xf36 d:/programs/engenering/eclipce/gnu mcu eclipse/toolchain/arm-gnu-toolchain-12.2.mpacbti-bet1-mingw-w64-i686-arm-none-eabi/bin/../lib/gcc/arm-none-eabi/12.2.0/thumb/v7-m/nofp\libstdc++_nano.a(functexcept.o)
                               0x1487 (size before relaxing)
 .debug_str     0x000a8b0d      0x113 d:/programs/engenering/eclipce/gnu mcu eclipse/toolchain/arm-gnu-toolchain-12.2.mpacbti-bet1-mingw-w64-i686-arm-none-eabi/bin/../lib/gcc/arm-none-eabi/12.2.0/thumb/v7-m/nofp\libstdc++_nano.a(del_op.o)
                                0x38e (size before relaxing)
 .debug_str     0x000a8c20      0x18e d:/programs/engenering/eclipce/gnu mcu eclipse/toolchain/arm-gnu-toolchain-12.2.mpacbti-bet1-mingw-w64-i686-arm-none-eabi/bin/../lib/gcc/arm-none-eabi/12.2.0/thumb/v7-m/nofp\libstdc++_nano.a(new_handler.o)
                                0x271 (size before relaxing)
 .debug_str     0x000a8dae      0x186 d:/programs/engenering/eclipce/gnu mcu eclipse/toolchain/arm-gnu-toolchain-12.2.mpacbti-bet1-mingw-w64-i686-arm-none-eabi/bin/../lib/gcc/arm-none-eabi/12.2.0/thumb/v7-m/nofp\libg_nano.a(libc_a-malloc.o)
                                0x550 (size before relaxing)
 .debug_str     0x000a8f34      0x100 d:/programs/engenering/eclipce/gnu mcu eclipse/toolchain/arm-gnu-toolchain-12.2.mpacbti-bet1-mingw-w64-i686-arm-none-eabi/bin/../lib/gcc/arm-none-eabi/12.2.0/thumb/v7-m/nofp\libg_nano.a(libc_a-mallocr.o)
                                0x60c (size before relaxing)
 .debug_str     0x000a9034       0xc6 d:/programs/engenering/eclipce/gnu mcu eclipse/toolchain/arm-gnu-toolchain-12.2.mpacbti-bet1-mingw-w64-i686-arm-none-eabi/bin/../lib/gcc/arm-none-eabi/12.2.0/thumb/v7-m/nofp\libg_nano.a(libc_a-mlock.o)
                                0x5ad (size before relaxing)
 .debug_str     0x000a90fa       0x6f d:/programs/engenering/eclipce/gnu mcu eclipse/toolchain/arm-gnu-toolchain-12.2.mpacbti-bet1-mingw-w64-i686-arm-none-eabi/bin/../lib/gcc/arm-none-eabi/12.2.0/thumb/v7-m/nofp\libg_nano.a(libc_a-impure.o)
                                0x52b (size before relaxing)
 .debug_str     0x000a9169       0x61 d:/programs/engenering/eclipce/gnu mcu eclipse/toolchain/arm-gnu-toolchain-12.2.mpacbti-bet1-mingw-w64-i686-arm-none-eabi/bin/../lib/gcc/arm-none-eabi/12.2.0/thumb/v7-m/nofp\libg_nano.a(libc_a-sbrkr.o)
                                0x534 (size before relaxing)
 .debug_str     0x000a91ca       0x61 d:/programs/engenering/eclipce/gnu mcu eclipse/toolchain/arm-gnu-toolchain-12.2.mpacbti-bet1-mingw-w64-i686-arm-none-eabi/bin/../lib/gcc/arm-none-eabi/12.2.0/thumb/v7-m/nofp\libg_nano.a(libc_a-errno.o)
                                0x525 (size before relaxing)
 .debug_str     0x000a922b      0x1fc d:/programs/engenering/eclipce/gnu mcu eclipse/toolchain/arm-gnu-toolchain-12.2.mpacbti-bet1-mingw-w64-i686-arm-none-eabi/bin/../lib/gcc/arm-none-eabi/12.2.0/thumb/v7-m/nofp\libg_nano.a(libc_a-lock.o)
                                0x37e (size before relaxing)
 .debug_str     0x000a9427       0x86 d:/programs/engenering/eclipce/gnu mcu eclipse/toolchain/arm-gnu-toolchain-12.2.mpacbti-bet1-mingw-w64-i686-arm-none-eabi/bin/../lib/gcc/arm-none-eabi/12.2.0/thumb/v7-m/nofp\libg_nano.a(libc_a-freer.o)
                                0x5ab (size before relaxing)

.debug_loc
 *(.debug_loc)

.debug_macinfo
 *(.debug_macinfo)

.debug_weaknames
 *(.debug_weaknames)

.debug_funcnames
 *(.debug_funcnames)

.debug_typenames
 *(.debug_typenames)

.debug_varnames
 *(.debug_varnames)
OUTPUT(bt_keyboard.elf elf32-littlearm)
LOAD linker stubs

.debug_loclists
                0x00000000     0x3ec6
 .debug_loclists
                0x00000000       0xbe ./system/src/stm32f1-hal/stm32f1xx_hal.o
 .debug_loclists
                0x000000be      0x490 ./system/src/stm32f1-hal/stm32f1xx_hal_cortex.o
 .debug_loclists
                0x0000054e      0x3a6 ./system/src/stm32f1-hal/stm32f1xx_hal_gpio.o
 .debug_loclists
                0x000008f4      0x478 ./system/src/stm32f1-hal/stm32f1xx_hal_rcc.o
 .debug_loclists
                0x00000d6c      0x242 ./system/src/stm32f1-hal/stm32f1xx_hal_rcc_ex.o
 .debug_loclists
                0x00000fae      0xf1e ./system/src/stm32f1-hal/stm32f1xx_hal_uart.o
 .debug_loclists
                0x00001ecc       0x17 ./system/src/newlib/exit.o
 .debug_loclists
                0x00001ee3       0x69 ./system/src/newlib/sbrk.o
 .debug_loclists
                0x00001f4c      0x1bc ./system/src/newlib/startup.o
 .debug_loclists
                0x00002108       0x51 ./system/src/newlib/syscalls.o
 .debug_loclists
                0x00002159       0xa5 ./system/src/cmsis/system_stm32f1xx.o
 .debug_loclists
                0x000021fe       0x22 ./src/initialize-hardware.o
 .debug_loclists
                0x00002220      0x7f9 ./src/main.o
 .debug_loclists
                0x00002a19       0x17 ./src/stm32f1xx_hal_msp.o
 .debug_loclists
                0x00002a30       0x47 ./src/timer.o
 .debug_loclists
                0x00002a77      0x8cd ./keyb/src/array_exec.o
 .debug_loclists
                0x00003344      0x51b ./keyb/src/matrix.o
 .debug_loclists
                0x0000385f       0x7f ./keyb/src/sender.o
 .debug_loclists
                0x000038de       0x23 d:/programs/engenering/eclipce/gnu mcu eclipse/toolchain/arm-gnu-toolchain-12.2.mpacbti-bet1-mingw-w64-i686-arm-none-eabi/bin/../lib/gcc/arm-none-eabi/12.2.0/thumb/v7-m/nofp\libstdc++_nano.a(del_ops.o)
 .debug_loclists
                0x00003901       0x49 d:/programs/engenering/eclipce/gnu mcu eclipse/toolchain/arm-gnu-toolchain-12.2.mpacbti-bet1-mingw-w64-i686-arm-none-eabi/bin/../lib/gcc/arm-none-eabi/12.2.0/thumb/v7-m/nofp\libstdc++_nano.a(new_op.o)
 .debug_loclists
                0x0000394a       0xd8 d:/programs/engenering/eclipce/gnu mcu eclipse/toolchain/arm-gnu-toolchain-12.2.mpacbti-bet1-mingw-w64-i686-arm-none-eabi/bin/../lib/gcc/arm-none-eabi/12.2.0/thumb/v7-m/nofp\libstdc++_nano.a(list.o)
 .debug_loclists
                0x00003a22       0x2f d:/programs/engenering/eclipce/gnu mcu eclipse/toolchain/arm-gnu-toolchain-12.2.mpacbti-bet1-mingw-w64-i686-arm-none-eabi/bin/../lib/gcc/arm-none-eabi/12.2.0/thumb/v7-m/nofp\libstdc++_nano.a(functexcept.o)
 .debug_loclists
                0x00003a51       0x23 d:/programs/engenering/eclipce/gnu mcu eclipse/toolchain/arm-gnu-toolchain-12.2.mpacbti-bet1-mingw-w64-i686-arm-none-eabi/bin/../lib/gcc/arm-none-eabi/12.2.0/thumb/v7-m/nofp\libstdc++_nano.a(del_op.o)
 .debug_loclists
                0x00003a74       0x2b d:/programs/engenering/eclipce/gnu mcu eclipse/toolchain/arm-gnu-toolchain-12.2.mpacbti-bet1-mingw-w64-i686-arm-none-eabi/bin/../lib/gcc/arm-none-eabi/12.2.0/thumb/v7-m/nofp\libstdc++_nano.a(new_handler.o)
 .debug_loclists
                0x00003a9f       0x48 d:/programs/engenering/eclipce/gnu mcu eclipse/toolchain/arm-gnu-toolchain-12.2.mpacbti-bet1-mingw-w64-i686-arm-none-eabi/bin/../lib/gcc/arm-none-eabi/12.2.0/thumb/v7-m/nofp\libg_nano.a(libc_a-malloc.o)
 .debug_loclists
                0x00003ae7      0x262 d:/programs/engenering/eclipce/gnu mcu eclipse/toolchain/arm-gnu-toolchain-12.2.mpacbti-bet1-mingw-w64-i686-arm-none-eabi/bin/../lib/gcc/arm-none-eabi/12.2.0/thumb/v7-m/nofp\libg_nano.a(libc_a-mallocr.o)
 .debug_loclists
                0x00003d49       0x3a d:/programs/engenering/eclipce/gnu mcu eclipse/toolchain/arm-gnu-toolchain-12.2.mpacbti-bet1-mingw-w64-i686-arm-none-eabi/bin/../lib/gcc/arm-none-eabi/12.2.0/thumb/v7-m/nofp\libg_nano.a(libc_a-mlock.o)
 .debug_loclists
                0x00003d83       0x4c d:/programs/engenering/eclipce/gnu mcu eclipse/toolchain/arm-gnu-toolchain-12.2.mpacbti-bet1-mingw-w64-i686-arm-none-eabi/bin/../lib/gcc/arm-none-eabi/12.2.0/thumb/v7-m/nofp\libg_nano.a(libc_a-sbrkr.o)
 .debug_loclists
                0x00003dcf       0x23 d:/programs/engenering/eclipce/gnu mcu eclipse/toolchain/arm-gnu-toolchain-12.2.mpacbti-bet1-mingw-w64-i686-arm-none-eabi/bin/../lib/gcc/arm-none-eabi/12.2.0/thumb/v7-m/nofp\libg_nano.a(libc_a-lock.o)
 .debug_loclists
                0x00003df2       0xd4 d:/programs/engenering/eclipce/gnu mcu eclipse/toolchain/arm-gnu-toolchain-12.2.mpacbti-bet1-mingw-w64-i686-arm-none-eabi/bin/../lib/gcc/arm-none-eabi/12.2.0/thumb/v7-m/nofp\libg_nano.a(libc_a-freer.o)

.debug_rnglists
                0x00000000      0x85f
 .debug_rnglists
                0x00000000       0xa3 ./system/src/stm32f1-hal/stm32f1xx_hal.o
 .debug_rnglists
                0x000000a3       0xc7 ./system/src/stm32f1-hal/stm32f1xx_hal_cortex.o
 .debug_rnglists
                0x0000016a       0x3f ./system/src/stm32f1-hal/stm32f1xx_hal_gpio.o
 .debug_rnglists
                0x000001a9       0x7f ./system/src/stm32f1-hal/stm32f1xx_hal_rcc.o
 .debug_rnglists
                0x00000228       0x30 ./system/src/stm32f1-hal/stm32f1xx_hal_rcc_ex.o
 .debug_rnglists
                0x00000258      0x164 ./system/src/stm32f1-hal/stm32f1xx_hal_uart.o
 .debug_rnglists
                0x000003bc       0x19 ./system/src/newlib/exit.o
 .debug_rnglists
                0x000003d5       0x13 ./system/src/newlib/sbrk.o
 .debug_rnglists
                0x000003e8       0x2c ./system/src/newlib/startup.o
 .debug_rnglists
                0x00000414       0x1f ./system/src/newlib/syscalls.o
 .debug_rnglists
                0x00000433       0x5b ./system/src/cortexm/exception-handlers.o
 .debug_rnglists
                0x0000048e       0x19 ./system/src/cortexm/initialize-hardware.o
 .debug_rnglists
                0x000004a7       0x1a ./system/src/cmsis/system_stm32f1xx.o
 .debug_rnglists
                0x000004c1       0x13 ./system/src/cmsis/vectors_stm32f103xb.o
 .debug_rnglists
                0x000004d4       0x1f ./src/initialize-hardware.o
 .debug_rnglists
                0x000004f3       0x4f ./src/main.o
 .debug_rnglists
                0x00000542       0x26 ./src/stm32f1xx_hal_msp.o
 .debug_rnglists
                0x00000568       0x25 ./src/timer.o
 .debug_rnglists
                0x0000058d       0x62 ./keyb/src/array_exec.o
 .debug_rnglists
                0x000005ef       0x64 ./keyb/src/matrix.o
 .debug_rnglists
                0x00000653       0x2f ./keyb/src/sender.o
 .debug_rnglists
                0x00000682       0x13 d:/programs/engenering/eclipce/gnu mcu eclipse/toolchain/arm-gnu-toolchain-12.2.mpacbti-bet1-mingw-w64-i686-arm-none-eabi/bin/../lib/gcc/arm-none-eabi/12.2.0/thumb/v7-m/nofp\libstdc++_nano.a(del_ops.o)
 .debug_rnglists
                0x00000695       0x13 d:/programs/engenering/eclipce/gnu mcu eclipse/toolchain/arm-gnu-toolchain-12.2.mpacbti-bet1-mingw-w64-i686-arm-none-eabi/bin/../lib/gcc/arm-none-eabi/12.2.0/thumb/v7-m/nofp\libstdc++_nano.a(new_op.o)
 .debug_rnglists
                0x000006a8       0x43 d:/programs/engenering/eclipce/gnu mcu eclipse/toolchain/arm-gnu-toolchain-12.2.mpacbti-bet1-mingw-w64-i686-arm-none-eabi/bin/../lib/gcc/arm-none-eabi/12.2.0/thumb/v7-m/nofp\libstdc++_nano.a(list.o)
 .debug_rnglists
                0x000006eb       0x67 d:/programs/engenering/eclipce/gnu mcu eclipse/toolchain/arm-gnu-toolchain-12.2.mpacbti-bet1-mingw-w64-i686-arm-none-eabi/bin/../lib/gcc/arm-none-eabi/12.2.0/thumb/v7-m/nofp\libstdc++_nano.a(functexcept.o)
 .debug_rnglists
                0x00000752       0x13 d:/programs/engenering/eclipce/gnu mcu eclipse/toolchain/arm-gnu-toolchain-12.2.mpacbti-bet1-mingw-w64-i686-arm-none-eabi/bin/../lib/gcc/arm-none-eabi/12.2.0/thumb/v7-m/nofp\libstdc++_nano.a(del_op.o)
 .debug_rnglists
                0x00000765       0x19 d:/programs/engenering/eclipce/gnu mcu eclipse/toolchain/arm-gnu-toolchain-12.2.mpacbti-bet1-mingw-w64-i686-arm-none-eabi/bin/../lib/gcc/arm-none-eabi/12.2.0/thumb/v7-m/nofp\libstdc++_nano.a(new_handler.o)
 .debug_rnglists
                0x0000077e       0x19 d:/programs/engenering/eclipce/gnu mcu eclipse/toolchain/arm-gnu-toolchain-12.2.mpacbti-bet1-mingw-w64-i686-arm-none-eabi/bin/../lib/gcc/arm-none-eabi/12.2.0/thumb/v7-m/nofp\libg_nano.a(libc_a-malloc.o)
 .debug_rnglists
                0x00000797       0x2c d:/programs/engenering/eclipce/gnu mcu eclipse/toolchain/arm-gnu-toolchain-12.2.mpacbti-bet1-mingw-w64-i686-arm-none-eabi/bin/../lib/gcc/arm-none-eabi/12.2.0/thumb/v7-m/nofp\libg_nano.a(libc_a-mallocr.o)
 .debug_rnglists
                0x000007c3       0x19 d:/programs/engenering/eclipce/gnu mcu eclipse/toolchain/arm-gnu-toolchain-12.2.mpacbti-bet1-mingw-w64-i686-arm-none-eabi/bin/../lib/gcc/arm-none-eabi/12.2.0/thumb/v7-m/nofp\libg_nano.a(libc_a-mlock.o)
 .debug_rnglists
                0x000007dc       0x13 d:/programs/engenering/eclipce/gnu mcu eclipse/toolchain/arm-gnu-toolchain-12.2.mpacbti-bet1-mingw-w64-i686-arm-none-eabi/bin/../lib/gcc/arm-none-eabi/12.2.0/thumb/v7-m/nofp\libg_nano.a(libc_a-sbrkr.o)
 .debug_rnglists
                0x000007ef       0x13 d:/programs/engenering/eclipce/gnu mcu eclipse/toolchain/arm-gnu-toolchain-12.2.mpacbti-bet1-mingw-w64-i686-arm-none-eabi/bin/../lib/gcc/arm-none-eabi/12.2.0/thumb/v7-m/nofp\libg_nano.a(libc_a-errno.o)
 .debug_rnglists
                0x00000802       0x49 d:/programs/engenering/eclipce/gnu mcu eclipse/toolchain/arm-gnu-toolchain-12.2.mpacbti-bet1-mingw-w64-i686-arm-none-eabi/bin/../lib/gcc/arm-none-eabi/12.2.0/thumb/v7-m/nofp\libg_nano.a(libc_a-lock.o)
 .debug_rnglists
                0x0000084b       0x14 d:/programs/engenering/eclipce/gnu mcu eclipse/toolchain/arm-gnu-toolchain-12.2.mpacbti-bet1-mingw-w64-i686-arm-none-eabi/bin/../lib/gcc/arm-none-eabi/12.2.0/thumb/v7-m/nofp\libg_nano.a(libc_a-freer.o)

.debug_macro    0x00000000    0x1c502
 .debug_macro   0x00000000      0x2ac ./system/src/stm32f1-hal/stm32f1xx_hal.o
 .debug_macro   0x000002ac      0xac6 ./system/src/stm32f1-hal/stm32f1xx_hal.o
 .debug_macro   0x00000d72      0x2c8 ./system/src/stm32f1-hal/stm32f1xx_hal.o
 .debug_macro   0x0000103a       0x2e ./system/src/stm32f1-hal/stm32f1xx_hal.o
 .debug_macro   0x00001068       0x22 ./system/src/stm32f1-hal/stm32f1xx_hal.o
 .debug_macro   0x0000108a      0x34e ./system/src/stm32f1-hal/stm32f1xx_hal.o
 .debug_macro   0x000013d8       0x1c ./system/src/stm32f1-hal/stm32f1xx_hal.o
 .debug_macro   0x000013f4       0x22 ./system/src/stm32f1-hal/stm32f1xx_hal.o
 .debug_macro   0x00001416       0xbd ./system/src/stm32f1-hal/stm32f1xx_hal.o
 .debug_macro   0x000014d3      0xd23 ./system/src/stm32f1-hal/stm32f1xx_hal.o
 .debug_macro   0x000021f6     0xe097 ./system/src/stm32f1-hal/stm32f1xx_hal.o
 .debug_macro   0x0001028d       0x43 ./system/src/stm32f1-hal/stm32f1xx_hal.o
 .debug_macro   0x000102d0     0x3468 ./system/src/stm32f1-hal/stm32f1xx_hal.o
 .debug_macro   0x00013738      0x189 ./system/src/stm32f1-hal/stm32f1xx_hal.o
 .debug_macro   0x000138c1       0x5c ./system/src/stm32f1-hal/stm32f1xx_hal.o
 .debug_macro   0x0001391d      0x5be ./system/src/stm32f1-hal/stm32f1xx_hal.o
 .debug_macro   0x00013edb      0x289 ./system/src/stm32f1-hal/stm32f1xx_hal.o
 .debug_macro   0x00014164      0x1cb ./system/src/stm32f1-hal/stm32f1xx_hal.o
 .debug_macro   0x0001432f      0x114 ./system/src/stm32f1-hal/stm32f1xx_hal.o
 .debug_macro   0x00014443      0x1b2 ./system/src/stm32f1-hal/stm32f1xx_hal.o
 .debug_macro   0x000145f5       0x27 ./system/src/stm32f1-hal/stm32f1xx_hal.o
 .debug_macro   0x0001461c      0x136 ./system/src/stm32f1-hal/stm32f1xx_hal.o
 .debug_macro   0x00014752      0x1bc ./system/src/stm32f1-hal/stm32f1xx_hal.o
 .debug_macro   0x0001490e       0x34 ./system/src/stm32f1-hal/stm32f1xx_hal.o
 .debug_macro   0x00014942       0x3c ./system/src/stm32f1-hal/stm32f1xx_hal.o
 .debug_macro   0x0001497e      0x408 ./system/src/stm32f1-hal/stm32f1xx_hal.o
 .debug_macro   0x00014d86       0x57 ./system/src/stm32f1-hal/stm32f1xx_hal.o
 .debug_macro   0x00014ddd      0x46a ./system/src/stm32f1-hal/stm32f1xx_hal.o
 .debug_macro   0x00015247      0x1b5 ./system/src/stm32f1-hal/stm32f1xx_hal.o
 .debug_macro   0x000153fc       0x22 ./system/src/stm32f1-hal/stm32f1xx_hal.o
 .debug_macro   0x0001541e       0x88 ./system/src/stm32f1-hal/stm32f1xx_hal.o
 .debug_macro   0x000154a6      0x241 ./system/src/stm32f1-hal/stm32f1xx_hal.o
 .debug_macro   0x000156e7      0x287 ./system/src/stm32f1-hal/stm32f1xx_hal.o
 .debug_macro   0x0001596e       0x78 ./system/src/stm32f1-hal/stm32f1xx_hal.o
 .debug_macro   0x000159e6      0x141 ./system/src/stm32f1-hal/stm32f1xx_hal.o
 .debug_macro   0x00015b27      0x1ef ./system/src/stm32f1-hal/stm32f1xx_hal.o
 .debug_macro   0x00015d16       0xec ./system/src/stm32f1-hal/stm32f1xx_hal.o